Archive member included to satisfy reference by file (symbol)

f:/stm32cubeide_1.9.0/stm32cubeide/plugins/com.st.stm32cube.ide.mcu.externaltools.gnu-tools-for-stm32.10.3-2021.10.win32_1.0.0.202111181127/tools/bin/../lib/gcc/arm-none-eabi/10.3.1/../../../../arm-none-eabi/lib/thumb/v7-m/nofp\libc_nano.a(lib_a-errno.o)
                              ./Core/Src/syscalls.o (__errno)
f:/stm32cubeide_1.9.0/stm32cubeide/plugins/com.st.stm32cube.ide.mcu.externaltools.gnu-tools-for-stm32.10.3-2021.10.win32_1.0.0.202111181127/tools/bin/../lib/gcc/arm-none-eabi/10.3.1/../../../../arm-none-eabi/lib/thumb/v7-m/nofp\libc_nano.a(lib_a-exit.o)
                              f:/stm32cubeide_1.9.0/stm32cubeide/plugins/com.st.stm32cube.ide.mcu.externaltools.gnu-tools-for-stm32.10.3-2021.10.win32_1.0.0.202111181127/tools/bin/../lib/gcc/arm-none-eabi/10.3.1/../../../../arm-none-eabi/lib/thumb/v7-m/nofp/crt0.o (exit)
f:/stm32cubeide_1.9.0/stm32cubeide/plugins/com.st.stm32cube.ide.mcu.externaltools.gnu-tools-for-stm32.10.3-2021.10.win32_1.0.0.202111181127/tools/bin/../lib/gcc/arm-none-eabi/10.3.1/../../../../arm-none-eabi/lib/thumb/v7-m/nofp\libc_nano.a(lib_a-impure.o)
                              f:/stm32cubeide_1.9.0/stm32cubeide/plugins/com.st.stm32cube.ide.mcu.externaltools.gnu-tools-for-stm32.10.3-2021.10.win32_1.0.0.202111181127/tools/bin/../lib/gcc/arm-none-eabi/10.3.1/../../../../arm-none-eabi/lib/thumb/v7-m/nofp\libc_nano.a(lib_a-exit.o) (_global_impure_ptr)
f:/stm32cubeide_1.9.0/stm32cubeide/plugins/com.st.stm32cube.ide.mcu.externaltools.gnu-tools-for-stm32.10.3-2021.10.win32_1.0.0.202111181127/tools/bin/../lib/gcc/arm-none-eabi/10.3.1/../../../../arm-none-eabi/lib/thumb/v7-m/nofp\libc_nano.a(lib_a-init.o)
                              f:/stm32cubeide_1.9.0/stm32cubeide/plugins/com.st.stm32cube.ide.mcu.externaltools.gnu-tools-for-stm32.10.3-2021.10.win32_1.0.0.202111181127/tools/bin/../lib/gcc/arm-none-eabi/10.3.1/../../../../arm-none-eabi/lib/thumb/v7-m/nofp/crt0.o (__libc_init_array)
f:/stm32cubeide_1.9.0/stm32cubeide/plugins/com.st.stm32cube.ide.mcu.externaltools.gnu-tools-for-stm32.10.3-2021.10.win32_1.0.0.202111181127/tools/bin/../lib/gcc/arm-none-eabi/10.3.1/../../../../arm-none-eabi/lib/thumb/v7-m/nofp\libc_nano.a(lib_a-memset.o)
                              f:/stm32cubeide_1.9.0/stm32cubeide/plugins/com.st.stm32cube.ide.mcu.externaltools.gnu-tools-for-stm32.10.3-2021.10.win32_1.0.0.202111181127/tools/bin/../lib/gcc/arm-none-eabi/10.3.1/../../../../arm-none-eabi/lib/thumb/v7-m/nofp/crt0.o (memset)
f:/stm32cubeide_1.9.0/stm32cubeide/plugins/com.st.stm32cube.ide.mcu.externaltools.gnu-tools-for-stm32.10.3-2021.10.win32_1.0.0.202111181127/tools/bin/../lib/gcc/arm-none-eabi/10.3.1/../../../../arm-none-eabi/lib/thumb/v7-m/nofp\libc_nano.a(lib_a-strlen.o)
                              ./Core/Src/fonts.o (strlen)

Discarded input sections

 .text          0x0000000000000000        0x0 f:/stm32cubeide_1.9.0/stm32cubeide/plugins/com.st.stm32cube.ide.mcu.externaltools.gnu-tools-for-stm32.10.3-2021.10.win32_1.0.0.202111181127/tools/bin/../lib/gcc/arm-none-eabi/10.3.1/thumb/v7-m/nofp/crti.o
 .data          0x0000000000000000        0x0 f:/stm32cubeide_1.9.0/stm32cubeide/plugins/com.st.stm32cube.ide.mcu.externaltools.gnu-tools-for-stm32.10.3-2021.10.win32_1.0.0.202111181127/tools/bin/../lib/gcc/arm-none-eabi/10.3.1/thumb/v7-m/nofp/crti.o
 .bss           0x0000000000000000        0x0 f:/stm32cubeide_1.9.0/stm32cubeide/plugins/com.st.stm32cube.ide.mcu.externaltools.gnu-tools-for-stm32.10.3-2021.10.win32_1.0.0.202111181127/tools/bin/../lib/gcc/arm-none-eabi/10.3.1/thumb/v7-m/nofp/crti.o
 .data          0x0000000000000000        0x4 f:/stm32cubeide_1.9.0/stm32cubeide/plugins/com.st.stm32cube.ide.mcu.externaltools.gnu-tools-for-stm32.10.3-2021.10.win32_1.0.0.202111181127/tools/bin/../lib/gcc/arm-none-eabi/10.3.1/thumb/v7-m/nofp/crtbegin.o
 .rodata        0x0000000000000000       0x24 f:/stm32cubeide_1.9.0/stm32cubeide/plugins/com.st.stm32cube.ide.mcu.externaltools.gnu-tools-for-stm32.10.3-2021.10.win32_1.0.0.202111181127/tools/bin/../lib/gcc/arm-none-eabi/10.3.1/thumb/v7-m/nofp/crtbegin.o
 .text          0x0000000000000000       0x7c f:/stm32cubeide_1.9.0/stm32cubeide/plugins/com.st.stm32cube.ide.mcu.externaltools.gnu-tools-for-stm32.10.3-2021.10.win32_1.0.0.202111181127/tools/bin/../lib/gcc/arm-none-eabi/10.3.1/../../../../arm-none-eabi/lib/thumb/v7-m/nofp/crt0.o
 .data          0x0000000000000000        0x0 f:/stm32cubeide_1.9.0/stm32cubeide/plugins/com.st.stm32cube.ide.mcu.externaltools.gnu-tools-for-stm32.10.3-2021.10.win32_1.0.0.202111181127/tools/bin/../lib/gcc/arm-none-eabi/10.3.1/../../../../arm-none-eabi/lib/thumb/v7-m/nofp/crt0.o
 .bss           0x0000000000000000        0x0 f:/stm32cubeide_1.9.0/stm32cubeide/plugins/com.st.stm32cube.ide.mcu.externaltools.gnu-tools-for-stm32.10.3-2021.10.win32_1.0.0.202111181127/tools/bin/../lib/gcc/arm-none-eabi/10.3.1/../../../../arm-none-eabi/lib/thumb/v7-m/nofp/crt0.o
[...]
Memory Configuration

Name             Origin             Length             Attributes
RAM              0x0000000020000000 0x0000000000005000 xrw
FLASH            0x0000000008000000 0x0000000000010000 xr
*default*        0x0000000000000000 0xffffffffffffffff

Linker script and memory map

LOAD f:/stm32cubeide_1.9.0/stm32cubeide/plugins/com.st.stm32cube.ide.mcu.externaltools.gnu-tools-for-stm32.10.3-2021.10.win32_1.0.0.202111181127/tools/bin/../lib/gcc/arm-none-eabi/10.3.1/thumb/v7-m/nofp/crti.o
LOAD f:/stm32cubeide_1.9.0/stm32cubeide/plugins/com.st.stm32cube.ide.mcu.externaltools.gnu-tools-for-stm32.10.3-2021.10.win32_1.0.0.202111181127/tools/bin/../lib/gcc/arm-none-eabi/10.3.1/thumb/v7-m/nofp/crtbegin.o
LOAD f:/stm32cubeide_1.9.0/stm32cubeide/plugins/com.st.stm32cube.ide.mcu.externaltools.gnu-tools-for-stm32.10.3-2021.10.win32_1.0.0.202111181127/tools/bin/../lib/gcc/arm-none-eabi/10.3.1/../../../../arm-none-eabi/lib/thumb/v7-m/nofp/crt0.o
LOAD ./Core/Src/fonts.o
LOAD ./Core/Src/main.o
LOAD ./Core/Src/ssd1306.o
LOAD ./Core/Src/stm32f1xx_hal_msp.o
LOAD ./Core/Src/stm32f1xx_it.o
LOAD ./Core/Src/syscalls.o
LOAD ./Core/Src/sysmem.o
LOAD ./Core/Src/system_stm32f1xx.o
LOAD ./Core/Src/test.o
LOAD ./Core/Startup/startup_stm32f103c8tx.o
LOAD ./Drivers/STM32F1xx_HAL_Driver/Src/stm32f1xx_hal.o
LOAD ./Drivers/STM32F1xx_HAL_Driver/Src/stm32f1xx_hal_cortex.o
LOAD ./Drivers/STM32F1xx_HAL_Driver/Src/stm32f1xx_hal_dma.o
LOAD ./Drivers/STM32F1xx_HAL_Driver/Src/stm32f1xx_hal_exti.o
LOAD ./Drivers/STM32F1xx_HAL_Driver/Src/stm32f1xx_hal_flash.o
LOAD ./Drivers/STM32F1xx_HAL_Driver/Src/stm32f1xx_hal_flash_ex.o
LOAD ./Drivers/STM32F1xx_HAL_Driver/Src/stm32f1xx_hal_gpio.o
LOAD ./Drivers/STM32F1xx_HAL_Driver/Src/stm32f1xx_hal_gpio_ex.o
LOAD ./Drivers/STM32F1xx_HAL_Driver/Src/stm32f1xx_hal_i2c.o
LOAD ./Drivers/STM32F1xx_HAL_Driver/Src/stm32f1xx_hal_pwr.o
LOAD ./Drivers/STM32F1xx_HAL_Driver/Src/stm32f1xx_hal_rcc.o
LOAD ./Drivers/STM32F1xx_HAL_Driver/Src/stm32f1xx_hal_rcc_ex.o
LOAD ./Drivers/STM32F1xx_HAL_Driver/Src/stm32f1xx_hal_tim.o
LOAD ./Drivers/STM32F1xx_HAL_Driver/Src/stm32f1xx_hal_tim_ex.o
START GROUP
LOAD f:/stm32cubeide_1.9.0/stm32cubeide/plugins/com.st.stm32cube.ide.mcu.externaltools.gnu-tools-for-stm32.10.3-2021.10.win32_1.0.0.202111181127/tools/bin/../lib/gcc/arm-none-eabi/10.3.1/../../../../arm-none-eabi/lib/thumb/v7-m/nofp\libc_nano.a
LOAD f:/stm32cubeide_1.9.0/stm32cubeide/plugins/com.st.stm32cube.ide.mcu.externaltools.gnu-tools-for-stm32.10.3-2021.10.win32_1.0.0.202111181127/tools/bin/../lib/gcc/arm-none-eabi/10.3.1/../../../../arm-none-eabi/lib/thumb/v7-m/nofp\libm.a
END GROUP
START GROUP
LOAD f:/stm32cubeide_1.9.0/stm32cubeide/plugins/com.st.stm32cube.ide.mcu.externaltools.gnu-tools-for-stm32.10.3-2021.10.win32_1.0.0.202111181127/tools/bin/../lib/gcc/arm-none-eabi/10.3.1/thumb/v7-m/nofp\libgcc.a
LOAD f:/stm32cubeide_1.9.0/stm32cubeide/plugins/com.st.stm32cube.ide.mcu.externaltools.gnu-tools-for-stm32.10.3-2021.10.win32_1.0.0.202111181127/tools/bin/../lib/gcc/arm-none-eabi/10.3.1/../../../../arm-none-eabi/lib/thumb/v7-m/nofp\libc_nano.a
END GROUP
START GROUP
LOAD f:/stm32cubeide_1.9.0/stm32cubeide/plugins/com.st.stm32cube.ide.mcu.externaltools.gnu-tools-for-stm32.10.3-2021.10.win32_1.0.0.202111181127/tools/bin/../lib/gcc/arm-none-eabi/10.3.1/thumb/v7-m/nofp\libgcc.a
LOAD f:/stm32cubeide_1.9.0/stm32cubeide/plugins/com.st.stm32cube.ide.mcu.externaltools.gnu-tools-for-stm32.10.3-2021.10.win32_1.0.0.202111181127/tools/bin/../lib/gcc/arm-none-eabi/10.3.1/../../../../arm-none-eabi/lib/thumb/v7-m/nofp\libc_nano.a
LOAD f:/stm32cubeide_1.9.0/stm32cubeide/plugins/com.st.stm32cube.ide.mcu.externaltools.gnu-tools-for-stm32.10.3-2021.10.win32_1.0.0.202111181127/tools/bin/../lib/gcc/arm-none-eabi/10.3.1/../../../../arm-none-eabi/lib/thumb/v7-m/nofp\libnosys.a
END GROUP
START GROUP
LOAD f:/stm32cubeide_1.9.0/stm32cubeide/plugins/com.st.stm32cube.ide.mcu.externaltools.gnu-tools-for-stm32.10.3-2021.10.win32_1.0.0.202111181127/tools/bin/../lib/gcc/arm-none-eabi/10.3.1/thumb/v7-m/nofp\libgcc.a
LOAD f:/stm32cubeide_1.9.0/stm32cubeide/plugins/com.st.stm32cube.ide.mcu.externaltools.gnu-tools-for-stm32.10.3-2021.10.win32_1.0.0.202111181127/tools/bin/../lib/gcc/arm-none-eabi/10.3.1/../../../../arm-none-eabi/lib/thumb/v7-m/nofp\libc_nano.a
LOAD f:/stm32cubeide_1.9.0/stm32cubeide/plugins/com.st.stm32cube.ide.mcu.externaltools.gnu-tools-for-stm32.10.3-2021.10.win32_1.0.0.202111181127/tools/bin/../lib/gcc/arm-none-eabi/10.3.1/../../../../arm-none-eabi/lib/thumb/v7-m/nofp\libnosys.a
END GROUP
LOAD f:/stm32cubeide_1.9.0/stm32cubeide/plugins/com.st.stm32cube.ide.mcu.externaltools.gnu-tools-for-stm32.10.3-2021.10.win32_1.0.0.202111181127/tools/bin/../lib/gcc/arm-none-eabi/10.3.1/thumb/v7-m/nofp/crtend.o
LOAD f:/stm32cubeide_1.9.0/stm32cubeide/plugins/com.st.stm32cube.ide.mcu.externaltools.gnu-tools-for-stm32.10.3-2021.10.win32_1.0.0.202111181127/tools/bin/../lib/gcc/arm-none-eabi/10.3.1/thumb/v7-m/nofp/crtn.o
                0x0000000020005000                _estack = (ORIGIN (RAM) + LENGTH (RAM))
                0x0000000000000200                _Min_Heap_Size = 0x200
                0x0000000000000400                _Min_Stack_Size = 0x400

.isr_vector     0x0000000008000000      0x10c
                0x0000000008000000                . = ALIGN (0x4)
 *(.isr_vector)
 .isr_vector    0x0000000008000000      0x10c ./Core/Startup/startup_stm32f103c8tx.o
                0x0000000008000000                g_pfnVectors
                0x000000000800010c                . = ALIGN (0x4)

.text           0x000000000800010c     0x3f20
                0x000000000800010c                . = ALIGN (0x4)
 *(.text)
 .text          0x000000000800010c       0x40 f:/stm32cubeide_1.9.0/stm32cubeide/plugins/com.st.stm32cube.ide.mcu.externaltools.gnu-tools-for-stm32.10.3-2021.10.win32_1.0.0.202111181127/tools/bin/../lib/gcc/arm-none-eabi/10.3.1/thumb/v7-m/nofp/crtbegin.o
 *(.text*)
 .text.__NVIC_ClearPendingIRQ
                0x000000000800014c       0x3c ./Core/Src/main.o
 .text.ComparePusword
                0x0000000008000188       0x9c ./Core/Src/main.o
                0x0000000008000188                ComparePusword
 .text.EnterPusword
                0x0000000008000224       0x5c ./Core/Src/main.o
                0x0000000008000224                EnterPusword
 .text.main     0x0000000008000280      0x278 ./Core/Src/main.o
                0x0000000008000280                main
 .text.SystemClock_Config
                0x00000000080004f8       0x8a ./Core/Src/main.o
                0x00000000080004f8                SystemClock_Config
 *fill*         0x0000000008000582        0x2 
 .text.MX_I2C1_Init
                0x0000000008000584       0x5c ./Core/Src/main.o
 .text.MX_TIM2_Init
                0x00000000080005e0       0xb0 ./Core/Src/main.o
 .text.MX_TIM3_Init
                0x0000000008000690       0x9c ./Core/Src/main.o
 .text.MX_GPIO_Init
                0x000000000800072c       0xf8 ./Core/Src/main.o
 .text.HAL_GPIO_EXTI_Callback
                0x0000000008000824       0x90 ./Core/Src/main.o
                0x0000000008000824                HAL_GPIO_EXTI_Callback
 .text.HAL_TIM_PeriodElapsedCallback
                0x00000000080008b4      0x264 ./Core/Src/main.o
                0x00000000080008b4                HAL_TIM_PeriodElapsedCallback
 .text.Error_Handler
                0x0000000008000b18        0xa ./Core/Src/main.o
                0x0000000008000b18                Error_Handler
 *fill*         0x0000000008000b22        0x2 
 .text.SSD1306_Init
                0x0000000008000b24      0x188 ./Core/Src/ssd1306.o
                0x0000000008000b24                SSD1306_Init
 .text.SSD1306_UpdateScreen
                0x0000000008000cac       0x5c ./Core/Src/ssd1306.o
                0x0000000008000cac                SSD1306_UpdateScreen
 .text.SSD1306_Fill
                0x0000000008000d08       0x30 ./Core/Src/ssd1306.o
                0x0000000008000d08                SSD1306_Fill
 .text.SSD1306_DrawPixel
                0x0000000008000d38       0xbc ./Core/Src/ssd1306.o
                0x0000000008000d38                SSD1306_DrawPixel
 .text.SSD1306_GotoXY
                0x0000000008000df4       0x2c ./Core/Src/ssd1306.o
                0x0000000008000df4                SSD1306_GotoXY
 .text.SSD1306_Putc
                0x0000000008000e20      0x100 ./Core/Src/ssd1306.o
                0x0000000008000e20                SSD1306_Putc
 .text.SSD1306_Puts
                0x0000000008000f20       0x4a ./Core/Src/ssd1306.o
                0x0000000008000f20                SSD1306_Puts
 .text.SSD1306_DrawLine
                0x0000000008000f6a      0x1f6 ./Core/Src/ssd1306.o
                0x0000000008000f6a                SSD1306_DrawLine
 .text.SSD1306_DrawFilledRectangle
                0x0000000008001160       0x9a ./Core/Src/ssd1306.o
                0x0000000008001160                SSD1306_DrawFilledRectangle
 .text.SSD1306_Clear
                0x00000000080011fa       0x12 ./Core/Src/ssd1306.o
                0x00000000080011fa                SSD1306_Clear
 .text.ssd1306_I2C_Init
                0x000000000800120c       0x28 ./Core/Src/ssd1306.o
                0x000000000800120c                ssd1306_I2C_Init
 .text.ssd1306_I2C_WriteMulti
                0x0000000008001234       0xcc ./Core/Src/ssd1306.o
                0x0000000008001234                ssd1306_I2C_WriteMulti
 .text.ssd1306_I2C_Write
                0x0000000008001300       0x3c ./Core/Src/ssd1306.o
                0x0000000008001300                ssd1306_I2C_Write
 .text.HAL_MspInit
                0x000000000800133c       0x64 ./Core/Src/stm32f1xx_hal_msp.o
                0x000000000800133c                HAL_MspInit
 .text.HAL_I2C_MspInit
                0x00000000080013a0       0xa0 ./Core/Src/stm32f1xx_hal_msp.o
                0x00000000080013a0                HAL_I2C_MspInit
 .text.HAL_TIM_PWM_MspInit
                0x0000000008001440       0x48 ./Core/Src/stm32f1xx_hal_msp.o
                0x0000000008001440                HAL_TIM_PWM_MspInit
 .text.HAL_TIM_Base_MspInit
                0x0000000008001488       0x4c ./Core/Src/stm32f1xx_hal_msp.o
                0x0000000008001488                HAL_TIM_Base_MspInit
 .text.HAL_TIM_MspPostInit
                0x00000000080014d4       0x60 ./Core/Src/stm32f1xx_hal_msp.o
                0x00000000080014d4                HAL_TIM_MspPostInit
 .text.NMI_Handler
                0x0000000008001534        0x6 ./Core/Src/stm32f1xx_it.o
                0x0000000008001534                NMI_Handler
 .text.HardFault_Handler
                0x000000000800153a        0x6 ./Core/Src/stm32f1xx_it.o
                0x000000000800153a                HardFault_Handler
 .text.MemManage_Handler
                0x0000000008001540        0x6 ./Core/Src/stm32f1xx_it.o
                0x0000000008001540                MemManage_Handler
 .text.BusFault_Handler
                0x0000000008001546        0x6 ./Core/Src/stm32f1xx_it.o
                0x0000000008001546                BusFault_Handler
 .text.UsageFault_Handler
                0x000000000800154c        0x6 ./Core/Src/stm32f1xx_it.o
                0x000000000800154c                UsageFault_Handler
 .text.SVC_Handler
                0x0000000008001552        0xc ./Core/Src/stm32f1xx_it.o
                0x0000000008001552                SVC_Handler
 .text.DebugMon_Handler
                0x000000000800155e        0xc ./Core/Src/stm32f1xx_it.o
                0x000000000800155e                DebugMon_Handler
 .text.PendSV_Handler
                0x000000000800156a        0xc ./Core/Src/stm32f1xx_it.o
                0x000000000800156a                PendSV_Handler
 .text.SysTick_Handler
                0x0000000008001576        0xc ./Core/Src/stm32f1xx_it.o
                0x0000000008001576                SysTick_Handler
 .text.EXTI2_IRQHandler
                0x0000000008001582        0xe ./Core/Src/stm32f1xx_it.o
                0x0000000008001582                EXTI2_IRQHandler
 .text.EXTI3_IRQHandler
                0x0000000008001590        0xe ./Core/Src/stm32f1xx_it.o
                0x0000000008001590                EXTI3_IRQHandler
 .text.EXTI4_IRQHandler
                0x000000000800159e        0xe ./Core/Src/stm32f1xx_it.o
                0x000000000800159e                EXTI4_IRQHandler
 .text.EXTI9_5_IRQHandler
                0x00000000080015ac       0x2a ./Core/Src/stm32f1xx_it.o
                0x00000000080015ac                EXTI9_5_IRQHandler
 *fill*         0x00000000080015d6        0x2 
 .text.TIM2_IRQHandler
                0x00000000080015d8       0x14 ./Core/Src/stm32f1xx_it.o
                0x00000000080015d8                TIM2_IRQHandler
 .text.TIM3_IRQHandler
                0x00000000080015ec       0x14 ./Core/Src/stm32f1xx_it.o
                0x00000000080015ec                TIM3_IRQHandler
 .text.EXTI15_10_IRQHandler
                0x0000000008001600       0x28 ./Core/Src/stm32f1xx_it.o
                0x0000000008001600                EXTI15_10_IRQHandler
 .text.SystemInit
                0x0000000008001628        0xc ./Core/Src/system_stm32f1xx.o
                0x0000000008001628                SystemInit
 .text.Reset_Handler
                0x0000000008001634       0x48 ./Core/Startup/startup_stm32f103c8tx.o
                0x0000000008001634                Reset_Handler
 .text.Default_Handler
                0x000000000800167c        0x2 ./Core/Startup/startup_stm32f103c8tx.o
                0x000000000800167c                RTC_Alarm_IRQHandler
                0x000000000800167c                TIM1_CC_IRQHandler
                0x000000000800167c                PVD_IRQHandler
                0x000000000800167c                EXTI0_IRQHandler
                0x000000000800167c                I2C2_EV_IRQHandler
                0x000000000800167c                ADC1_2_IRQHandler
                0x000000000800167c                SPI1_IRQHandler
                0x000000000800167c                TAMPER_IRQHandler
                0x000000000800167c                DMA1_Channel4_IRQHandler
                0x000000000800167c                USART3_IRQHandler
                0x000000000800167c                RTC_IRQHandler
                0x000000000800167c                DMA1_Channel7_IRQHandler
                0x000000000800167c                CAN1_RX1_IRQHandler
                0x000000000800167c                TIM4_IRQHandler
                0x000000000800167c                I2C1_EV_IRQHandler
                0x000000000800167c                DMA1_Channel6_IRQHandler
                0x000000000800167c                RCC_IRQHandler
                0x000000000800167c                TIM1_TRG_COM_IRQHandler
                0x000000000800167c                DMA1_Channel1_IRQHandler
                0x000000000800167c                Default_Handler
                0x000000000800167c                SPI2_IRQHandler
                0x000000000800167c                DMA1_Channel5_IRQHandler
                0x000000000800167c                USB_LP_CAN1_RX0_IRQHandler
                0x000000000800167c                USB_HP_CAN1_TX_IRQHandler
                0x000000000800167c                DMA1_Channel3_IRQHandler
                0x000000000800167c                TIM1_UP_IRQHandler
                0x000000000800167c                WWDG_IRQHandler
                0x000000000800167c                TIM1_BRK_IRQHandler
                0x000000000800167c                EXTI1_IRQHandler
                0x000000000800167c                USART2_IRQHandler
                0x000000000800167c                I2C2_ER_IRQHandler
                0x000000000800167c                DMA1_Channel2_IRQHandler
                0x000000000800167c                CAN1_SCE_IRQHandler
                0x000000000800167c                FLASH_IRQHandler
                0x000000000800167c                USART1_IRQHandler
                0x000000000800167c                I2C1_ER_IRQHandler
                0x000000000800167c                USBWakeUp_IRQHandler
 *fill*         0x000000000800167e        0x2 
 .text.HAL_Init
                0x0000000008001680       0x2c ./Drivers/STM32F1xx_HAL_Driver/Src/stm32f1xx_hal.o
                0x0000000008001680                HAL_Init
 .text.HAL_InitTick
                0x00000000080016ac       0x60 ./Drivers/STM32F1xx_HAL_Driver/Src/stm32f1xx_hal.o
                0x00000000080016ac                HAL_InitTick
 .text.HAL_IncTick
                0x000000000800170c       0x24 ./Drivers/STM32F1xx_HAL_Driver/Src/stm32f1xx_hal.o
                0x000000000800170c                HAL_IncTick
 .text.HAL_GetTick
                0x0000000008001730       0x14 ./Drivers/STM32F1xx_HAL_Driver/Src/stm32f1xx_hal.o
                0x0000000008001730                HAL_GetTick
 .text.__NVIC_SetPriorityGrouping
                0x0000000008001744       0x48 ./Drivers/STM32F1xx_HAL_Driver/Src/stm32f1xx_hal_cortex.o
 .text.__NVIC_GetPriorityGrouping
                0x000000000800178c       0x1c ./Drivers/STM32F1xx_HAL_Driver/Src/stm32f1xx_hal_cortex.o
 .text.__NVIC_EnableIRQ
                0x00000000080017a8       0x38 ./Drivers/STM32F1xx_HAL_Driver/Src/stm32f1xx_hal_cortex.o
 .text.__NVIC_DisableIRQ
                0x00000000080017e0       0x48 ./Drivers/STM32F1xx_HAL_Driver/Src/stm32f1xx_hal_cortex.o
 .text.__NVIC_SetPriority
                0x0000000008001828       0x54 ./Drivers/STM32F1xx_HAL_Driver/Src/stm32f1xx_hal_cortex.o
 .text.NVIC_EncodePriority
                0x000000000800187c       0x64 ./Drivers/STM32F1xx_HAL_Driver/Src/stm32f1xx_hal_cortex.o
 .text.SysTick_Config
                0x00000000080018e0       0x44 ./Drivers/STM32F1xx_HAL_Driver/Src/stm32f1xx_hal_cortex.o
 .text.HAL_NVIC_SetPriorityGrouping
                0x0000000008001924       0x16 ./Drivers/STM32F1xx_HAL_Driver/Src/stm32f1xx_hal_cortex.o
                0x0000000008001924                HAL_NVIC_SetPriorityGrouping
 .text.HAL_NVIC_SetPriority
                0x000000000800193a       0x38 ./Drivers/STM32F1xx_HAL_Driver/Src/stm32f1xx_hal_cortex.o
                0x000000000800193a                HAL_NVIC_SetPriority
 .text.HAL_NVIC_EnableIRQ
                0x0000000008001972       0x1c ./Drivers/STM32F1xx_HAL_Driver/Src/stm32f1xx_hal_cortex.o
                0x0000000008001972                HAL_NVIC_EnableIRQ
 .text.HAL_NVIC_DisableIRQ
                0x000000000800198e       0x1c ./Drivers/STM32F1xx_HAL_Driver/Src/stm32f1xx_hal_cortex.o
                0x000000000800198e                HAL_NVIC_DisableIRQ
 .text.HAL_SYSTICK_Config
                0x00000000080019aa       0x18 ./Drivers/STM32F1xx_HAL_Driver/Src/stm32f1xx_hal_cortex.o
                0x00000000080019aa                HAL_SYSTICK_Config
 *fill*         0x00000000080019c2        0x2 
 .text.HAL_GPIO_Init
                0x00000000080019c4      0x308 ./Drivers/STM32F1xx_HAL_Driver/Src/stm32f1xx_hal_gpio.o
                0x00000000080019c4                HAL_GPIO_Init
 .text.HAL_GPIO_ReadPin
                0x0000000008001ccc       0x2e ./Drivers/STM32F1xx_HAL_Driver/Src/stm32f1xx_hal_gpio.o
                0x0000000008001ccc                HAL_GPIO_ReadPin
 *fill*         0x0000000008001cfa        0x2 
 .text.HAL_GPIO_EXTI_IRQHandler
                0x0000000008001cfc       0x30 ./Drivers/STM32F1xx_HAL_Driver/Src/stm32f1xx_hal_gpio.o
                0x0000000008001cfc                HAL_GPIO_EXTI_IRQHandler
 .text.HAL_I2C_Init
                0x0000000008001d2c      0x288 ./Drivers/STM32F1xx_HAL_Driver/Src/stm32f1xx_hal_i2c.o
                0x0000000008001d2c                HAL_I2C_Init
 .text.HAL_I2C_Master_Transmit
                0x0000000008001fb4      0x1fc ./Drivers/STM32F1xx_HAL_Driver/Src/stm32f1xx_hal_i2c.o
                0x0000000008001fb4                HAL_I2C_Master_Transmit
 .text.HAL_I2C_IsDeviceReady
                0x00000000080021b0      0x25c ./Drivers/STM32F1xx_HAL_Driver/Src/stm32f1xx_hal_i2c.o
                0x00000000080021b0                HAL_I2C_IsDeviceReady
 .text.I2C_MasterRequestWrite
                0x000000000800240c      0x104 ./Drivers/STM32F1xx_HAL_Driver/Src/stm32f1xx_hal_i2c.o
 .text.I2C_WaitOnFlagUntilTimeout
                0x0000000008002510       0xae ./Drivers/STM32F1xx_HAL_Driver/Src/stm32f1xx_hal_i2c.o
 .text.I2C_WaitOnMasterAddressFlagUntilTimeout
                0x00000000080025be       0xfe ./Drivers/STM32F1xx_HAL_Driver/Src/stm32f1xx_hal_i2c.o
 .text.I2C_WaitOnTXEFlagUntilTimeout
                0x00000000080026bc       0x82 ./Drivers/STM32F1xx_HAL_Driver/Src/stm32f1xx_hal_i2c.o
 .text.I2C_WaitOnBTFFlagUntilTimeout
                0x000000000800273e       0x82 ./Drivers/STM32F1xx_HAL_Driver/Src/stm32f1xx_hal_i2c.o
 .text.I2C_IsAcknowledgeFailed
                0x00000000080027c0       0x5c ./Drivers/STM32F1xx_HAL_Driver/Src/stm32f1xx_hal_i2c.o
 .text.HAL_RCC_OscConfig
                0x000000000800281c      0x504 ./Drivers/STM32F1xx_HAL_Driver/Src/stm32f1xx_hal_rcc.o
                0x000000000800281c                HAL_RCC_OscConfig
 .text.HAL_RCC_ClockConfig
                0x0000000008002d20      0x1d4 ./Drivers/STM32F1xx_HAL_Driver/Src/stm32f1xx_hal_rcc.o
                0x0000000008002d20                HAL_RCC_ClockConfig
 .text.HAL_RCC_GetSysClockFreq
                0x0000000008002ef4       0xbc ./Drivers/STM32F1xx_HAL_Driver/Src/stm32f1xx_hal_rcc.o
                0x0000000008002ef4                HAL_RCC_GetSysClockFreq
 .text.HAL_RCC_GetHCLKFreq
                0x0000000008002fb0       0x14 ./Drivers/STM32F1xx_HAL_Driver/Src/stm32f1xx_hal_rcc.o
                0x0000000008002fb0                HAL_RCC_GetHCLKFreq
 .text.HAL_RCC_GetPCLK1Freq
                0x0000000008002fc4       0x28 ./Drivers/STM32F1xx_HAL_Driver/Src/stm32f1xx_hal_rcc.o
                0x0000000008002fc4                HAL_RCC_GetPCLK1Freq
 .text.RCC_Delay
                0x0000000008002fec       0x3c ./Drivers/STM32F1xx_HAL_Driver/Src/stm32f1xx_hal_rcc.o
 .text.HAL_TIM_Base_Init
                0x0000000008003028       0x9e ./Drivers/STM32F1xx_HAL_Driver/Src/stm32f1xx_hal_tim.o
                0x0000000008003028                HAL_TIM_Base_Init
 *fill*         0x00000000080030c6        0x2 
 .text.HAL_TIM_Base_Start_IT
                0x00000000080030c8       0xa4 ./Drivers/STM32F1xx_HAL_Driver/Src/stm32f1xx_hal_tim.o
                0x00000000080030c8                HAL_TIM_Base_Start_IT
 .text.HAL_TIM_Base_Stop_IT
                0x000000000800316c       0x5c ./Drivers/STM32F1xx_HAL_Driver/Src/stm32f1xx_hal_tim.o
                0x000000000800316c                HAL_TIM_Base_Stop_IT
 .text.HAL_TIM_PWM_Init
                0x00000000080031c8       0x9e ./Drivers/STM32F1xx_HAL_Driver/Src/stm32f1xx_hal_tim.o
                0x00000000080031c8                HAL_TIM_PWM_Init
 *fill*         0x0000000008003266        0x2 
 .text.HAL_TIM_PWM_Start_IT
                0x0000000008003268      0x1d0 ./Drivers/STM32F1xx_HAL_Driver/Src/stm32f1xx_hal_tim.o
                0x0000000008003268                HAL_TIM_PWM_Start_IT
 .text.HAL_TIM_IRQHandler
                0x0000000008003438      0x210 ./Drivers/STM32F1xx_HAL_Driver/Src/stm32f1xx_hal_tim.o
                0x0000000008003438                HAL_TIM_IRQHandler
 .text.HAL_TIM_PWM_ConfigChannel
                0x0000000008003648      0x17c ./Drivers/STM32F1xx_HAL_Driver/Src/stm32f1xx_hal_tim.o
                0x0000000008003648                HAL_TIM_PWM_ConfigChannel
 .text.HAL_TIM_ConfigClockSource
                0x00000000080037c4      0x188 ./Drivers/STM32F1xx_HAL_Driver/Src/stm32f1xx_hal_tim.o
                0x00000000080037c4                HAL_TIM_ConfigClockSource
 .text.HAL_TIM_OC_DelayElapsedCallback
                0x000000000800394c       0x12 ./Drivers/STM32F1xx_HAL_Driver/Src/stm32f1xx_hal_tim.o
                0x000000000800394c                HAL_TIM_OC_DelayElapsedCallback
 .text.HAL_TIM_IC_CaptureCallback
                0x000000000800395e       0x12 ./Drivers/STM32F1xx_HAL_Driver/Src/stm32f1xx_hal_tim.o
                0x000000000800395e                HAL_TIM_IC_CaptureCallback
 .text.HAL_TIM_PWM_PulseFinishedCallback
                0x0000000008003970       0x12 ./Drivers/STM32F1xx_HAL_Driver/Src/stm32f1xx_hal_tim.o
                0x0000000008003970                HAL_TIM_PWM_PulseFinishedCallback
 .text.HAL_TIM_TriggerCallback
                0x0000000008003982       0x12 ./Drivers/STM32F1xx_HAL_Driver/Src/stm32f1xx_hal_tim.o
                0x0000000008003982                HAL_TIM_TriggerCallback
 .text.TIM_Base_SetConfig
                0x0000000008003994       0xc4 ./Drivers/STM32F1xx_HAL_Driver/Src/stm32f1xx_hal_tim.o
                0x0000000008003994                TIM_Base_SetConfig
 .text.TIM_OC1_SetConfig
                0x0000000008003a58       0xcc ./Drivers/STM32F1xx_HAL_Driver/Src/stm32f1xx_hal_tim.o
 .text.TIM_OC2_SetConfig
                0x0000000008003b24       0xd4 ./Drivers/STM32F1xx_HAL_Driver/Src/stm32f1xx_hal_tim.o
                0x0000000008003b24                TIM_OC2_SetConfig
 .text.TIM_OC3_SetConfig
                0x0000000008003bf8       0xd4 ./Drivers/STM32F1xx_HAL_Driver/Src/stm32f1xx_hal_tim.o
 .text.TIM_OC4_SetConfig
                0x0000000008003ccc       0x9c ./Drivers/STM32F1xx_HAL_Driver/Src/stm32f1xx_hal_tim.o
 .text.TIM_TI1_ConfigInputStage
                0x0000000008003d68       0x5c ./Drivers/STM32F1xx_HAL_Driver/Src/stm32f1xx_hal_tim.o
 .text.TIM_TI2_ConfigInputStage
                0x0000000008003dc4       0x5e ./Drivers/STM32F1xx_HAL_Driver/Src/stm32f1xx_hal_tim.o
 .text.TIM_ITRx_SetConfig
                0x0000000008003e22       0x34 ./Drivers/STM32F1xx_HAL_Driver/Src/stm32f1xx_hal_tim.o
 .text.TIM_ETR_SetConfig
                0x0000000008003e56       0x3e ./Drivers/STM32F1xx_HAL_Driver/Src/stm32f1xx_hal_tim.o
                0x0000000008003e56                TIM_ETR_SetConfig
 .text.TIM_CCxChannelCmd
                0x0000000008003e94       0x48 ./Drivers/STM32F1xx_HAL_Driver/Src/stm32f1xx_hal_tim.o
                0x0000000008003e94                TIM_CCxChannelCmd
 .text.HAL_TIMEx_MasterConfigSynchronization
                0x0000000008003edc       0xbc ./Drivers/STM32F1xx_HAL_Driver/Src/stm32f1xx_hal_tim_ex.o
                0x0000000008003edc                HAL_TIMEx_MasterConfigSynchronization
 .text.HAL_TIMEx_CommutCallback
                0x0000000008003f98       0x12 ./Drivers/STM32F1xx_HAL_Driver/Src/stm32f1xx_hal_tim_ex.o
                0x0000000008003f98                HAL_TIMEx_CommutCallback
 .text.HAL_TIMEx_BreakCallback
                0x0000000008003faa       0x12 ./Drivers/STM32F1xx_HAL_Driver/Src/stm32f1xx_hal_tim_ex.o
                0x0000000008003faa                HAL_TIMEx_BreakCallback
 .text.__libc_init_array
                0x0000000008003fbc       0x48 f:/stm32cubeide_1.9.0/stm32cubeide/plugins/com.st.stm32cube.ide.mcu.externaltools.gnu-tools-for-stm32.10.3-2021.10.win32_1.0.0.202111181127/tools/bin/../lib/gcc/arm-none-eabi/10.3.1/../../../../arm-none-eabi/lib/thumb/v7-m/nofp\libc_nano.a(lib_a-init.o)
                0x0000000008003fbc                __libc_init_array
 .text.memset   0x0000000008004004       0x10 f:/stm32cubeide_1.9.0/stm32cubeide/plugins/com.st.stm32cube.ide.mcu.externaltools.gnu-tools-for-stm32.10.3-2021.10.win32_1.0.0.202111181127/tools/bin/../lib/gcc/arm-none-eabi/10.3.1/../../../../arm-none-eabi/lib/thumb/v7-m/nofp\libc_nano.a(lib_a-memset.o)
                0x0000000008004004                memset
 *(.glue_7)
 .glue_7        0x0000000008004014        0x0 linker stubs
 *(.glue_7t)
 .glue_7t       0x0000000008004014        0x0 linker stubs
 *(.eh_frame)
 .eh_frame      0x0000000008004014        0x0 f:/stm32cubeide_1.9.0/stm32cubeide/plugins/com.st.stm32cube.ide.mcu.externaltools.gnu-tools-for-stm32.10.3-2021.10.win32_1.0.0.202111181127/tools/bin/../lib/gcc/arm-none-eabi/10.3.1/thumb/v7-m/nofp/crtbegin.o
 *(.init)
 .init          0x0000000008004014        0x4 f:/stm32cubeide_1.9.0/stm32cubeide/plugins/com.st.stm32cube.ide.mcu.externaltools.gnu-tools-for-stm32.10.3-2021.10.win32_1.0.0.202111181127/tools/bin/../lib/gcc/arm-none-eabi/10.3.1/thumb/v7-m/nofp/crti.o
                0x0000000008004014                _init
 .init          0x0000000008004018        0x8 f:/stm32cubeide_1.9.0/stm32cubeide/plugins/com.st.stm32cube.ide.mcu.externaltools.gnu-tools-for-stm32.10.3-2021.10.win32_1.0.0.202111181127/tools/bin/../lib/gcc/arm-none-eabi/10.3.1/thumb/v7-m/nofp/crtn.o
 *(.fini)
 .fini          0x0000000008004020        0x4 f:/stm32cubeide_1.9.0/stm32cubeide/plugins/com.st.stm32cube.ide.mcu.externaltools.gnu-tools-for-stm32.10.3-2021.10.win32_1.0.0.202111181127/tools/bin/../lib/gcc/arm-none-eabi/10.3.1/thumb/v7-m/nofp/crti.o
                0x0000000008004020                _fini
 .fini          0x0000000008004024        0x8 f:/stm32cubeide_1.9.0/stm32cubeide/plugins/com.st.stm32cube.ide.mcu.externaltools.gnu-tools-for-stm32.10.3-2021.10.win32_1.0.0.202111181127/tools/bin/../lib/gcc/arm-none-eabi/10.3.1/thumb/v7-m/nofp/crtn.o
                0x000000000800402c                . = ALIGN (0x4)
                0x000000000800402c                _etext = .

.vfp11_veneer   0x000000000800402c        0x0
 .vfp11_veneer  0x000000000800402c        0x0 linker stubs

.v4_bx          0x000000000800402c        0x0
 .v4_bx         0x000000000800402c        0x0 linker stubs

.iplt           0x000000000800402c        0x0
 .iplt          0x000000000800402c        0x0 f:/stm32cubeide_1.9.0/stm32cubeide/plugins/com.st.stm32cube.ide.mcu.externaltools.gnu-tools-for-stm32.10.3-2021.10.win32_1.0.0.202111181127/tools/bin/../lib/gcc/arm-none-eabi/10.3.1/thumb/v7-m/nofp/crtbegin.o

.rodata         0x000000000800402c      0xdb8
                0x000000000800402c                . = ALIGN (0x4)
 *(.rodata)
 .rodata        0x000000000800402c       0x31 ./Core/Src/main.o
 *fill*         0x000000000800405d        0x3 
 .rodata        0x0000000008004060       0x10 ./Drivers/STM32F1xx_HAL_Driver/Src/stm32f1xx_hal_rcc.o
 *(.rodata*)
 .rodata.Font11x18
                0x0000000008004070      0xd5c ./Core/Src/fonts.o
                0x0000000008004070                Font11x18
 .rodata.AHBPrescTable
                0x0000000008004dcc       0x10 ./Core/Src/system_stm32f1xx.o
                0x0000000008004dcc                AHBPrescTable
 .rodata.APBPrescTable
                0x0000000008004ddc        0x8 ./Core/Src/system_stm32f1xx.o
                0x0000000008004ddc                APBPrescTable
                0x0000000008004de4                . = ALIGN (0x4)

.rel.dyn        0x0000000008004de4        0x0
 .rel.iplt      0x0000000008004de4        0x0 f:/stm32cubeide_1.9.0/stm32cubeide/plugins/com.st.stm32cube.ide.mcu.externaltools.gnu-tools-for-stm32.10.3-2021.10.win32_1.0.0.202111181127/tools/bin/../lib/gcc/arm-none-eabi/10.3.1/thumb/v7-m/nofp/crtbegin.o

.ARM.extab      0x0000000008004de4        0x0
                0x0000000008004de4                . = ALIGN (0x4)
 *(.ARM.extab* .gnu.linkonce.armextab.*)
                0x0000000008004de4                . = ALIGN (0x4)

.ARM            0x0000000008004de4        0x0
                0x0000000008004de4                . = ALIGN (0x4)
                0x0000000008004de4                __exidx_start = .
 *(.ARM.exidx*)
                0x0000000008004de4                __exidx_end = .
                0x0000000008004de4                . = ALIGN (0x4)

.preinit_array  0x0000000008004de4        0x0
                0x0000000008004de4                . = ALIGN (0x4)
                0x0000000008004de4                PROVIDE (__preinit_array_start = .)
 *(.preinit_array*)
                0x0000000008004de4                PROVIDE (__preinit_array_end = .)
                0x0000000008004de4                . = ALIGN (0x4)

.init_array     0x0000000008004de4        0x4
                0x0000000008004de4                . = ALIGN (0x4)
                0x0000000008004de4                PROVIDE (__init_array_start = .)
 *(SORT_BY_NAME(.init_array.*))
 *(.init_array*)
 .init_array    0x0000000008004de4        0x4 f:/stm32cubeide_1.9.0/stm32cubeide/plugins/com.st.stm32cube.ide.mcu.externaltools.gnu-tools-for-stm32.10.3-2021.10.win32_1.0.0.202111181127/tools/bin/../lib/gcc/arm-none-eabi/10.3.1/thumb/v7-m/nofp/crtbegin.o
                0x0000000008004de8                PROVIDE (__init_array_end = .)
                0x0000000008004de8                . = ALIGN (0x4)

.fini_array     0x0000000008004de8        0x4
                0x0000000008004de8                . = ALIGN (0x4)
                [!provide]                        PROVIDE (__fini_array_start = .)
 *(SORT_BY_NAME(.fini_array.*))
 *(.fini_array*)
 .fini_array    0x0000000008004de8        0x4 f:/stm32cubeide_1.9.0/stm32cubeide/plugins/com.st.stm32cube.ide.mcu.externaltools.gnu-tools-for-stm32.10.3-2021.10.win32_1.0.0.202111181127/tools/bin/../lib/gcc/arm-none-eabi/10.3.1/thumb/v7-m/nofp/crtbegin.o
                [!provide]                        PROVIDE (__fini_array_end = .)
                0x0000000008004dec                . = ALIGN (0x4)
                0x0000000008004dec                _sidata = LOADADDR (.data)

.data           0x0000000020000000       0x20 load address 0x0000000008004dec
                0x0000000020000000                . = ALIGN (0x4)
                0x0000000020000000                _sdata = .
 *(.data)
 *(.data*)
 .data.Font_11x18
                0x0000000020000000        0x8 ./Core/Src/fonts.o
                0x0000000020000000                Font_11x18
 .data.curentS  0x0000000020000008        0x2 ./Core/Src/main.o
                0x0000000020000008                curentS
 *fill*         0x000000002000000a        0x2 
 .data.pusword  0x000000002000000c        0x8 ./Core/Src/main.o
                0x000000002000000c                pusword
 .data.SystemCoreClock
                0x0000000020000014        0x4 ./Core/Src/system_stm32f1xx.o
                0x0000000020000014                SystemCoreClock
 .data.uwTickPrio
                0x0000000020000018        0x4 ./Drivers/STM32F1xx_HAL_Driver/Src/stm32f1xx_hal.o
                0x0000000020000018                uwTickPrio
 .data.uwTickFreq
                0x000000002000001c        0x1 ./Drivers/STM32F1xx_HAL_Driver/Src/stm32f1xx_hal.o
                0x000000002000001c                uwTickFreq
 *(.RamFunc)
 *(.RamFunc*)
                0x0000000020000020                . = ALIGN (0x4)
 *fill*         0x000000002000001d        0x3 
                0x0000000020000020                _edata = .

.igot.plt       0x0000000020000020        0x0 load address 0x0000000008004e0c
 .igot.plt      0x0000000020000020        0x0 f:/stm32cubeide_1.9.0/stm32cubeide/plugins/com.st.stm32cube.ide.mcu.externaltools.gnu-tools-for-stm32.10.3-2021.10.win32_1.0.0.202111181127/tools/bin/../lib/gcc/arm-none-eabi/10.3.1/thumb/v7-m/nofp/crtbegin.o
                0x0000000020000020                . = ALIGN (0x4)

.bss            0x0000000020000020      0x520 load address 0x0000000008004e0c
                0x0000000020000020                _sbss = .
                0x0000000020000020                __bss_start__ = _sbss
 *(.bss)
 .bss           0x0000000020000020       0x1c f:/stm32cubeide_1.9.0/stm32cubeide/plugins/com.st.stm32cube.ide.mcu.externaltools.gnu-tools-for-stm32.10.3-2021.10.win32_1.0.0.202111181127/tools/bin/../lib/gcc/arm-none-eabi/10.3.1/thumb/v7-m/nofp/crtbegin.o
 *(.bss*)
 .bss.hi2c1     0x000000002000003c       0x54 ./Core/Src/main.o
                0x000000002000003c                hi2c1
 .bss.htim2     0x0000000020000090       0x48 ./Core/Src/main.o
                0x0000000020000090                htim2
 .bss.htim3     0x00000000200000d8       0x48 ./Core/Src/main.o
                0x00000000200000d8                htim3
 .bss.curent_pusword
                0x0000000020000120        0x8 ./Core/Src/main.o
                0x0000000020000120                curent_pusword
 .bss.simbol_pus
                0x0000000020000128        0x4 ./Core/Src/main.o
                0x0000000020000128                simbol_pus
 .bss.count     0x000000002000012c        0x2 ./Core/Src/main.o
                0x000000002000012c                count
 .bss.flag      0x000000002000012e        0x2 ./Core/Src/main.o
                0x000000002000012e                flag
 .bss.flag_enter
                0x0000000020000130        0x2 ./Core/Src/main.o
                0x0000000020000130                flag_enter
 .bss.flag_change_pas
                0x0000000020000132        0x2 ./Core/Src/main.o
                0x0000000020000132                flag_change_pas
 .bss.SSD1306_Buffer
                0x0000000020000134      0x400 ./Core/Src/ssd1306.o
 .bss.SSD1306   0x0000000020000534        0x6 ./Core/Src/ssd1306.o
 *fill*         0x000000002000053a        0x2 
 .bss.uwTick    0x000000002000053c        0x4 ./Drivers/STM32F1xx_HAL_Driver/Src/stm32f1xx_hal.o
                0x000000002000053c                uwTick
 *(COMMON)
                0x0000000020000540                . = ALIGN (0x4)
                0x0000000020000540                _ebss = .
                0x0000000020000540                __bss_end__ = _ebss

._user_heap_stack
                0x0000000020000540      0x600 load address 0x0000000008004e0c
                0x0000000020000540                . = ALIGN (0x8)
                [!provide]                        PROVIDE (end = .)
                0x0000000020000540                PROVIDE (_end = .)
                0x0000000020000740                . = (. + _Min_Heap_Size)
 *fill*         0x0000000020000540      0x200 
                0x0000000020000b40                . = (. + _Min_Stack_Size)
 *fill*         0x0000000020000740      0x400 
                0x0000000020000b40                . = ALIGN (0x8)

/DISCARD/
 libc.a(*)
 libm.a(*)
 libgcc.a(*)

.ARM.attributes
                0x0000000000000000       0x29
 *(.ARM.attributes)
 .ARM.attributes
                0x0000000000000000       0x1d f:/stm32cubeide_1.9.0/stm32cubeide/plugins/com.st.stm32cube.ide.mcu.externaltools.gnu-tools-for-stm32.10.3-2021.10.win32_1.0.0.202111181127/tools/bin/../lib/gcc/arm-none-eabi/10.3.1/thumb/v7-m/nofp/crti.o
 .ARM.attributes
                0x000000000000001d       0x2d f:/stm32cubeide_1.9.0/stm32cubeide/plugins/com.st.stm32cube.ide.mcu.externaltools.gnu-tools-for-stm32.10.3-2021.10.win32_1.0.0.202111181127/tools/bin/../lib/gcc/arm-none-eabi/10.3.1/thumb/v7-m/nofp/crtbegin.o
 .ARM.attributes
                0x000000000000004a       0x2d ./Core/Src/fonts.o
 .ARM.attributes
                0x0000000000000077       0x2d ./Core/Src/main.o
 .ARM.attributes
                0x00000000000000a4       0x2d ./Core/Src/ssd1306.o
 .ARM.attributes
                0x00000000000000d1       0x2d ./Core/Src/stm32f1xx_hal_msp.o
 .ARM.attributes
                0x00000000000000fe       0x2d ./Core/Src/stm32f1xx_it.o
 .ARM.attributes
                0x000000000000012b       0x2d ./Core/Src/system_stm32f1xx.o
 .ARM.attributes
                0x0000000000000158       0x21 ./Core/Startup/startup_stm32f103c8tx.o
 .ARM.attributes
                0x0000000000000179       0x2d ./Drivers/STM32F1xx_HAL_Driver/Src/stm32f1xx_hal.o
 .ARM.attributes
                0x00000000000001a6       0x2d ./Drivers/STM32F1xx_HAL_Driver/Src/stm32f1xx_hal_cortex.o
 .ARM.attributes
                0x00000000000001d3       0x2d ./Drivers/STM32F1xx_HAL_Driver/Src/stm32f1xx_hal_gpio.o
 .ARM.attributes
                0x0000000000000200       0x2d ./Drivers/STM32F1xx_HAL_Driver/Src/stm32f1xx_hal_i2c.o
 .ARM.attributes
                0x000000000000022d       0x2d ./Drivers/STM32F1xx_HAL_Driver/Src/stm32f1xx_hal_rcc.o
 .ARM.attributes
                0x000000000000025a       0x2d ./Drivers/STM32F1xx_HAL_Driver/Src/stm32f1xx_hal_tim.o
 .ARM.attributes
                0x0000000000000287       0x2d ./Drivers/STM32F1xx_HAL_Driver/Src/stm32f1xx_hal_tim_ex.o
 .ARM.attributes
                0x00000000000002b4       0x2d f:/stm32cubeide_1.9.0/stm32cubeide/plugins/com.st.stm32cube.ide.mcu.externaltools.gnu-tools-for-stm32.10.3-2021.10.win32_1.0.0.202111181127/tools/bin/../lib/gcc/arm-none-eabi/10.3.1/../../../../arm-none-eabi/lib/thumb/v7-m/nofp\libc_nano.a(lib_a-init.o)
 .ARM.attributes
                0x00000000000002e1       0x2d f:/stm32cubeide_1.9.0/stm32cubeide/plugins/com.st.stm32cube.ide.mcu.externaltools.gnu-tools-for-stm32.10.3-2021.10.win32_1.0.0.202111181127/tools/bin/../lib/gcc/arm-none-eabi/10.3.1/../../../../arm-none-eabi/lib/thumb/v7-m/nofp\libc_nano.a(lib_a-memset.o)
 .ARM.attributes
                0x000000000000030e       0x1d f:/stm32cubeide_1.9.0/stm32cubeide/plugins/com.st.stm32cube.ide.mcu.externaltools.gnu-tools-for-stm32.10.3-2021.10.win32_1.0.0.202111181127/tools/bin/../lib/gcc/arm-none-eabi/10.3.1/thumb/v7-m/nofp/crtn.o
OUTPUT(Test_CP_1.elf elf32-littlearm)
LOAD linker stubs
LOAD f:/stm32cubeide_1.9.0/stm32cubeide/plugins/com.st.stm32cube.ide.mcu.externaltools.gnu-tools-for-stm32.10.3-2021.10.win32_1.0.0.202111181127/tools/bin/../lib/gcc/arm-none-eabi/10.3.1/../../../../arm-none-eabi/lib/thumb/v7-m/nofp\libc.a
LOAD f:/stm32cubeide_1.9.0/stm32cubeide/plugins/com.st.stm32cube.ide.mcu.externaltools.gnu-tools-for-stm32.10.3-2021.10.win32_1.0.0.202111181127/tools/bin/../lib/gcc/arm-none-eabi/10.3.1/../../../../arm-none-eabi/lib/thumb/v7-m/nofp\libm.a
LOAD f:/stm32cubeide_1.9.0/stm32cubeide/plugins/com.st.stm32cube.ide.mcu.externaltools.gnu-tools-for-stm32.10.3-2021.10.win32_1.0.0.202111181127/tools/bin/../lib/gcc/arm-none-eabi/10.3.1/thumb/v7-m/nofp\libgcc.a

.debug_info     0x0000000000000000     0xc94c
 .debug_info    0x0000000000000000      0x27a ./Core/Src/fonts.o
 .debug_info    0x000000000000027a     0x1617 ./Core/Src/main.o
 .debug_info    0x0000000000001891     0x1112 ./Core/Src/ssd1306.o
 .debug_info    0x00000000000029a3      0xecd ./Core/Src/stm32f1xx_hal_msp.o
 .debug_info    0x0000000000003870      0x78f ./Core/Src/stm32f1xx_it.o
 .debug_info    0x0000000000003fff      0x23d ./Core/Src/system_stm32f1xx.o
 .debug_info    0x000000000000423c       0x22 ./Core/Startup/startup_stm32f103c8tx.o
 .debug_info    0x000000000000425e      0x734 ./Drivers/STM32F1xx_HAL_Driver/Src/stm32f1xx_hal.o
 .debug_info    0x0000000000004992      0xb20 ./Drivers/STM32F1xx_HAL_Driver/Src/stm32f1xx_hal_cortex.o
 .debug_info    0x00000000000054b2      0x615 ./Drivers/STM32F1xx_HAL_Driver/Src/stm32f1xx_hal_gpio.o
 .debug_info    0x0000000000005ac7     0x2734 ./Drivers/STM32F1xx_HAL_Driver/Src/stm32f1xx_hal_i2c.o
 .debug_info    0x00000000000081fb      0x860 ./Drivers/STM32F1xx_HAL_Driver/Src/stm32f1xx_hal_rcc.o
 .debug_info    0x0000000000008a5b     0x29de ./Drivers/STM32F1xx_HAL_Driver/Src/stm32f1xx_hal_tim.o
 .debug_info    0x000000000000b439     0x1513 ./Drivers/STM32F1xx_HAL_Driver/Src/stm32f1xx_hal_tim_ex.o

.debug_abbrev   0x0000000000000000     0x1d1c
 .debug_abbrev  0x0000000000000000      0x111 ./Core/Src/fonts.o
 .debug_abbrev  0x0000000000000111      0x38c ./Core/Src/main.o
 .debug_abbrev  0x000000000000049d      0x2f8 ./Core/Src/ssd1306.o
 .debug_abbrev  0x0000000000000795      0x1f2 ./Core/Src/stm32f1xx_hal_msp.o
 .debug_abbrev  0x0000000000000987      0x1b3 ./Core/Src/stm32f1xx_it.o
 .debug_abbrev  0x0000000000000b3a      0x13b ./Core/Src/system_stm32f1xx.o
 .debug_abbrev  0x0000000000000c75       0x12 ./Core/Startup/startup_stm32f103c8tx.o
 .debug_abbrev  0x0000000000000c87      0x1fb ./Drivers/STM32F1xx_HAL_Driver/Src/stm32f1xx_hal.o
 .debug_abbrev  0x0000000000000e82      0x2ed ./Drivers/STM32F1xx_HAL_Driver/Src/stm32f1xx_hal_cortex.o
 .debug_abbrev  0x000000000000116f      0x1bb ./Drivers/STM32F1xx_HAL_Driver/Src/stm32f1xx_hal_gpio.o
 .debug_abbrev  0x000000000000132a      0x288 ./Drivers/STM32F1xx_HAL_Driver/Src/stm32f1xx_hal_i2c.o
 .debug_abbrev  0x00000000000015b2      0x2a8 ./Drivers/STM32F1xx_HAL_Driver/Src/stm32f1xx_hal_rcc.o
 .debug_abbrev  0x000000000000185a      0x25d ./Drivers/STM32F1xx_HAL_Driver/Src/stm32f1xx_hal_tim.o
 .debug_abbrev  0x0000000000001ab7      0x265 ./Drivers/STM32F1xx_HAL_Driver/Src/stm32f1xx_hal_tim_ex.o

.debug_aranges  0x0000000000000000      0xd70
 .debug_aranges
                0x0000000000000000       0x20 ./Core/Src/fonts.o
 .debug_aranges
                0x0000000000000020       0x78 ./Core/Src/main.o
 .debug_aranges
                0x0000000000000098       0xf8 ./Core/Src/ssd1306.o
 .debug_aranges
                0x0000000000000190       0x58 ./Core/Src/stm32f1xx_hal_msp.o
 .debug_aranges
                0x00000000000001e8       0x98 ./Core/Src/stm32f1xx_it.o
 .debug_aranges
                0x0000000000000280       0x28 ./Core/Src/system_stm32f1xx.o
 .debug_aranges
                0x00000000000002a8       0x28 ./Core/Startup/startup_stm32f103c8tx.o
 .debug_aranges
                0x00000000000002d0       0xe0 ./Drivers/STM32F1xx_HAL_Driver/Src/stm32f1xx_hal.o
 .debug_aranges
                0x00000000000003b0      0x100 ./Drivers/STM32F1xx_HAL_Driver/Src/stm32f1xx_hal_cortex.o
 .debug_aranges
                0x00000000000004b0       0x58 ./Drivers/STM32F1xx_HAL_Driver/Src/stm32f1xx_hal_gpio.o
 .debug_aranges
                0x0000000000000508      0x2a0 ./Drivers/STM32F1xx_HAL_Driver/Src/stm32f1xx_hal_i2c.o
 .debug_aranges
                0x00000000000007a8       0x90 ./Drivers/STM32F1xx_HAL_Driver/Src/stm32f1xx_hal_rcc.o
 .debug_aranges
                0x0000000000000838      0x3d0 ./Drivers/STM32F1xx_HAL_Driver/Src/stm32f1xx_hal_tim.o
 .debug_aranges
                0x0000000000000c08      0x168 ./Drivers/STM32F1xx_HAL_Driver/Src/stm32f1xx_hal_tim_ex.o

.debug_ranges   0x0000000000000000      0xcc0
 .debug_ranges  0x0000000000000000       0x10 ./Core/Src/fonts.o
 .debug_ranges  0x0000000000000010       0x68 ./Core/Src/main.o
 .debug_ranges  0x0000000000000078       0xe8 ./Core/Src/ssd1306.o
 .debug_ranges  0x0000000000000160       0x48 ./Core/Src/stm32f1xx_hal_msp.o
 .debug_ranges  0x00000000000001a8       0x88 ./Core/Src/stm32f1xx_it.o
 .debug_ranges  0x0000000000000230       0x18 ./Core/Src/system_stm32f1xx.o
 .debug_ranges  0x0000000000000248       0x20 ./Core/Startup/startup_stm32f103c8tx.o
 .debug_ranges  0x0000000000000268       0xd0 ./Drivers/STM32F1xx_HAL_Driver/Src/stm32f1xx_hal.o
 .debug_ranges  0x0000000000000338       0xf0 ./Drivers/STM32F1xx_HAL_Driver/Src/stm32f1xx_hal_cortex.o
 .debug_ranges  0x0000000000000428       0x48 ./Drivers/STM32F1xx_HAL_Driver/Src/stm32f1xx_hal_gpio.o
 .debug_ranges  0x0000000000000470      0x2b8 ./Drivers/STM32F1xx_HAL_Driver/Src/stm32f1xx_hal_i2c.o
 .debug_ranges  0x0000000000000728       0x80 ./Drivers/STM32F1xx_HAL_Driver/Src/stm32f1xx_hal_rcc.o
 .debug_ranges  0x00000000000007a8      0x3c0 ./Drivers/STM32F1xx_HAL_Driver/Src/stm32f1xx_hal_tim.o
 .debug_ranges  0x0000000000000b68      0x158 ./Drivers/STM32F1xx_HAL_Driver/Src/stm32f1xx_hal_tim_ex.o

.debug_macro    0x0000000000000000    0x1787c
 .debug_macro   0x0000000000000000      0x27b ./Core/Src/fonts.o
 .debug_macro   0x000000000000027b      0xa6c ./Core/Src/fonts.o
 .debug_macro   0x0000000000000ce7      0x21b ./Core/Src/fonts.o
 .debug_macro   0x0000000000000f02       0x2e ./Core/Src/fonts.o
 .debug_macro   0x0000000000000f30       0x22 ./Core/Src/fonts.o
 .debug_macro   0x0000000000000f52       0x22 ./Core/Src/fonts.o
 .debug_macro   0x0000000000000f74       0x8e ./Core/Src/fonts.o
 .debug_macro   0x0000000000001002       0x51 ./Core/Src/fonts.o
 .debug_macro   0x0000000000001053      0x103 ./Core/Src/fonts.o
 .debug_macro   0x0000000000001156       0x6a ./Core/Src/fonts.o
 .debug_macro   0x00000000000011c0      0x1df ./Core/Src/fonts.o
 .debug_macro   0x000000000000139f       0x1c ./Core/Src/fonts.o
 .debug_macro   0x00000000000013bb       0x22 ./Core/Src/fonts.o
 .debug_macro   0x00000000000013dd       0xbd ./Core/Src/fonts.o
 .debug_macro   0x000000000000149a      0xd23 ./Core/Src/fonts.o
 .debug_macro   0x00000000000021bd     0xe09e ./Core/Src/fonts.o
 .debug_macro   0x000000000001025b       0x6d ./Core/Src/fonts.o
 .debug_macro   0x00000000000102c8     0x3468 ./Core/Src/fonts.o
 .debug_macro   0x0000000000013730      0x174 ./Core/Src/fonts.o
 .debug_macro   0x00000000000138a4       0x5c ./Core/Src/fonts.o
 .debug_macro   0x0000000000013900      0x5be ./Core/Src/fonts.o
 .debug_macro   0x0000000000013ebe      0x289 ./Core/Src/fonts.o
 .debug_macro   0x0000000000014147      0x1cb ./Core/Src/fonts.o
 .debug_macro   0x0000000000014312      0x114 ./Core/Src/fonts.o
 .debug_macro   0x0000000000014426      0x1b2 ./Core/Src/fonts.o
 .debug_macro   0x00000000000145d8       0x27 ./Core/Src/fonts.o
 .debug_macro   0x00000000000145ff      0x136 ./Core/Src/fonts.o
 .debug_macro   0x0000000000014735      0x1bc ./Core/Src/fonts.o
 .debug_macro   0x00000000000148f1       0x34 ./Core/Src/fonts.o
 .debug_macro   0x0000000000014925       0x3c ./Core/Src/fonts.o
 .debug_macro   0x0000000000014961       0x57 ./Core/Src/fonts.o
 .debug_macro   0x00000000000149b8       0x88 ./Core/Src/fonts.o
 .debug_macro   0x0000000000014a40      0x241 ./Core/Src/fonts.o
 .debug_macro   0x0000000000014c81      0x287 ./Core/Src/fonts.o
 .debug_macro   0x0000000000014f08      0x141 ./Core/Src/fonts.o
 .debug_macro   0x0000000000015049      0x8d1 ./Core/Src/fonts.o
 .debug_macro   0x000000000001591a       0x83 ./Core/Src/fonts.o
 .debug_macro   0x000000000001599d       0x52 ./Core/Src/fonts.o
 .debug_macro   0x00000000000159ef       0x18 ./Core/Src/fonts.o
 .debug_macro   0x0000000000015a07       0x3c ./Core/Src/fonts.o
 .debug_macro   0x0000000000015a43       0x34 ./Core/Src/fonts.o
 .debug_macro   0x0000000000015a77       0x16 ./Core/Src/fonts.o
 .debug_macro   0x0000000000015a8d       0x43 ./Core/Src/fonts.o
 .debug_macro   0x0000000000015ad0       0x34 ./Core/Src/fonts.o
 .debug_macro   0x0000000000015b04       0x10 ./Core/Src/fonts.o
 .debug_macro   0x0000000000015b14       0x58 ./Core/Src/fonts.o
 .debug_macro   0x0000000000015b6c       0x71 ./Core/Src/fonts.o
 .debug_macro   0x0000000000015bdd       0x1c ./Core/Src/fonts.o
 .debug_macro   0x0000000000015bf9      0x12a ./Core/Src/fonts.o
 .debug_macro   0x0000000000015d23      0x341 ./Core/Src/fonts.o
 .debug_macro   0x0000000000016064       0x10 ./Core/Src/fonts.o
 .debug_macro   0x0000000000016074       0x35 ./Core/Src/fonts.o
 .debug_macro   0x00000000000160a9       0x20 ./Core/Src/fonts.o
 .debug_macro   0x00000000000160c9      0x2d6 ./Core/Src/main.o
 .debug_macro   0x000000000001639f       0x16 ./Core/Src/main.o
 .debug_macro   0x00000000000163b5       0x16 ./Core/Src/main.o
 .debug_macro   0x00000000000163cb       0x29 ./Core/Src/main.o
 .debug_macro   0x00000000000163f4       0x1d ./Core/Src/main.o
 .debug_macro   0x0000000000016411      0x306 ./Core/Src/ssd1306.o
 .debug_macro   0x0000000000016717      0x1ad ./Core/Src/stm32f1xx_hal_msp.o
 .debug_macro   0x00000000000168c4      0x1b7 ./Core/Src/stm32f1xx_it.o
 .debug_macro   0x0000000000016a7b      0x1a3 ./Core/Src/system_stm32f1xx.o
 .debug_macro   0x0000000000016c1e      0x1c7 ./Drivers/STM32F1xx_HAL_Driver/Src/stm32f1xx_hal.o
 .debug_macro   0x0000000000016de5      0x1a3 ./Drivers/STM32F1xx_HAL_Driver/Src/stm32f1xx_hal_cortex.o
 .debug_macro   0x0000000000016f88      0x20e ./Drivers/STM32F1xx_HAL_Driver/Src/stm32f1xx_hal_gpio.o
 .debug_macro   0x0000000000017196      0x1ea ./Drivers/STM32F1xx_HAL_Driver/Src/stm32f1xx_hal_i2c.o
 .debug_macro   0x0000000000017380      0x1b5 ./Drivers/STM32F1xx_HAL_Driver/Src/stm32f1xx_hal_rcc.o
 .debug_macro   0x0000000000017535      0x1a4 ./Drivers/STM32F1xx_HAL_Driver/Src/stm32f1xx_hal_tim.o
 .debug_macro   0x00000000000176d9      0x1a3 ./Drivers/STM32F1xx_HAL_Driver/Src/stm32f1xx_hal_tim_ex.o

.debug_line     0x0000000000000000     0xe9cd
 .debug_line    0x0000000000000000      0x7c0 ./Core/Src/fonts.o
 .debug_line    0x00000000000007c0      0xc4a ./Core/Src/main.o
 .debug_line    0x000000000000140a      0xf94 ./Core/Src/ssd1306.o
 .debug_line    0x000000000000239e      0x74e ./Core/Src/stm32f1xx_hal_msp.o
 .debug_line    0x0000000000002aec      0x7d2 ./Core/Src/stm32f1xx_it.o
 .debug_line    0x00000000000032be      0x6df ./Core/Src/system_stm32f1xx.o
 .debug_line    0x000000000000399d       0x87 ./Core/Startup/startup_stm32f103c8tx.o
 .debug_line    0x0000000000003a24      0x90c ./Drivers/STM32F1xx_HAL_Driver/Src/stm32f1xx_hal.o
 .debug_line    0x0000000000004330      0xaf4 ./Drivers/STM32F1xx_HAL_Driver/Src/stm32f1xx_hal_cortex.o
 .debug_line    0x0000000000004e24      0x9a3 ./Drivers/STM32F1xx_HAL_Driver/Src/stm32f1xx_hal_gpio.o
 .debug_line    0x00000000000057c7     0x39f6 ./Drivers/STM32F1xx_HAL_Driver/Src/stm32f1xx_hal_i2c.o
 .debug_line    0x00000000000091bd      0xd1a ./Drivers/STM32F1xx_HAL_Driver/Src/stm32f1xx_hal_rcc.o
 .debug_line    0x0000000000009ed7     0x32c2 ./Drivers/STM32F1xx_HAL_Driver/Src/stm32f1xx_hal_tim.o
 .debug_line    0x000000000000d199     0x1834 ./Drivers/STM32F1xx_HAL_Driver/Src/stm32f1xx_hal_tim_ex.o

.debug_str      0x0000000000000000    0x89a5f
 .debug_str     0x0000000000000000    0x85a97 ./Core/Src/fonts.o
                                      0x85df5 (size before relaxing)
 .debug_str     0x0000000000085a97     0x10e9 ./Core/Src/main.o
                                      0x86fe9 (size before relaxing)
 .debug_str     0x0000000000086b80      0x4bd ./Core/Src/ssd1306.o
                                      0x868c2 (size before relaxing)
 .debug_str     0x000000000008703d       0xf0 ./Core/Src/stm32f1xx_hal_msp.o
                                      0x83b24 (size before relaxing)
 .debug_str     0x000000000008712d      0x170 ./Core/Src/stm32f1xx_it.o
                                      0x8354a (size before relaxing)
 .debug_str     0x000000000008729d       0x7e ./Core/Src/system_stm32f1xx.o
                                      0x82fd1 (size before relaxing)
 .debug_str     0x000000000008731b       0x36 ./Core/Startup/startup_stm32f103c8tx.o
                                         0x58 (size before relaxing)
 .debug_str     0x0000000000087351      0x38e ./Drivers/STM32F1xx_HAL_Driver/Src/stm32f1xx_hal.o
                                      0x83704 (size before relaxing)
 .debug_str     0x00000000000876df      0x231 ./Drivers/STM32F1xx_HAL_Driver/Src/stm32f1xx_hal_cortex.o
                                      0x83650 (size before relaxing)
 .debug_str     0x0000000000087910      0x291 ./Drivers/STM32F1xx_HAL_Driver/Src/stm32f1xx_hal_gpio.o
                                      0x83357 (size before relaxing)
 .debug_str     0x0000000000087ba1      0xb54 ./Drivers/STM32F1xx_HAL_Driver/Src/stm32f1xx_hal_i2c.o
                                      0x84045 (size before relaxing)
 .debug_str     0x00000000000886f5      0x209 ./Drivers/STM32F1xx_HAL_Driver/Src/stm32f1xx_hal_rcc.o
                                      0x83400 (size before relaxing)
 .debug_str     0x00000000000888fe      0xcce ./Drivers/STM32F1xx_HAL_Driver/Src/stm32f1xx_hal_tim.o
                                      0x843eb (size before relaxing)
 .debug_str     0x00000000000895cc      0x493 ./Drivers/STM32F1xx_HAL_Driver/Src/stm32f1xx_hal_tim_ex.o
                                      0x83c07 (size before relaxing)

.comment        0x0000000000000000       0x50
 .comment       0x0000000000000000       0x50 ./Core/Src/fonts.o
                                         0x51 (size before relaxing)
 .comment       0x0000000000000050       0x51 ./Core/Src/main.o
 .comment       0x0000000000000050       0x51 ./Core/Src/ssd1306.o
 .comment       0x0000000000000050       0x51 ./Core/Src/stm32f1xx_hal_msp.o
 .comment       0x0000000000000050       0x51 ./Core/Src/stm32f1xx_it.o
 .comment       0x0000000000000050       0x51 ./Core/Src/system_stm32f1xx.o
 .comment       0x0000000000000050       0x51 ./Drivers/STM32F1xx_HAL_Driver/Src/stm32f1xx_hal.o
 .comment       0x0000000000000050       0x51 ./Drivers/STM32F1xx_HAL_Driver/Src/stm32f1xx_hal_cortex.o
 .comment       0x0000000000000050       0x51 ./Drivers/STM32F1xx_HAL_Driver/Src/stm32f1xx_hal_gpio.o
 .comment       0x0000000000000050       0x51 ./Drivers/STM32F1xx_HAL_Driver/Src/stm32f1xx_hal_i2c.o
 .comment       0x0000000000000050       0x51 ./Drivers/STM32F1xx_HAL_Driver/Src/stm32f1xx_hal_rcc.o
 .comment       0x0000000000000050       0x51 ./Drivers/STM32F1xx_HAL_Driver/Src/stm32f1xx_hal_tim.o
 .comment       0x0000000000000050       0x51 ./Drivers/STM32F1xx_HAL_Driver/Src/stm32f1xx_hal_tim_ex.o

.debug_frame    0x0000000000000000     0x38ac
 .debug_frame   0x0000000000000000       0x38 ./Core/Src/fonts.o
 .debug_frame   0x0000000000000038      0x1b0 ./Core/Src/main.o
 .debug_frame   0x00000000000001e8      0x414 ./Core/Src/ssd1306.o
 .debug_frame   0x00000000000005fc      0x134 ./Core/Src/stm32f1xx_hal_msp.o
 .debug_frame   0x0000000000000730      0x1c8 ./Core/Src/stm32f1xx_it.o
 .debug_frame   0x00000000000008f8       0x58 ./Core/Src/system_stm32f1xx.o
 .debug_frame   0x0000000000000950      0x334 ./Drivers/STM32F1xx_HAL_Driver/Src/stm32f1xx_hal.o
 .debug_frame   0x0000000000000c84      0x428 ./Drivers/STM32F1xx_HAL_Driver/Src/stm32f1xx_hal_cortex.o
 .debug_frame   0x00000000000010ac      0x14c ./Drivers/STM32F1xx_HAL_Driver/Src/stm32f1xx_hal_gpio.o
 .debug_frame   0x00000000000011f8      0xc5c ./Drivers/STM32F1xx_HAL_Driver/Src/stm32f1xx_hal_i2c.o
 .debug_frame   0x0000000000001e54      0x21c ./Drivers/STM32F1xx_HAL_Driver/Src/stm32f1xx_hal_rcc.o
 .debug_frame   0x0000000000002070     0x11b8 ./Drivers/STM32F1xx_HAL_Driver/Src/stm32f1xx_hal_tim.o
 .debug_frame   0x0000000000003228      0x638 ./Drivers/STM32F1xx_HAL_Driver/Src/stm32f1xx_hal_tim_ex.o
 .debug_frame   0x0000000000003860       0x2c f:/stm32cubeide_1.9.0/stm32cubeide/plugins/com.st.stm32cube.ide.mcu.externaltools.gnu-tools-for-stm32.10.3-2021.10.win32_1.0.0.202111181127/tools/bin/../lib/gcc/arm-none-eabi/10.3.1/../../../../arm-none-eabi/lib/thumb/v7-m/nofp\libc_nano.a(lib_a-init.o)
 .debug_frame   0x000000000000388c       0x20 f:/stm32cubeide_1.9.0/stm32cubeide/plugins/com.st.stm32cube.ide.mcu.externaltools.gnu-tools-for-stm32.10.3-2021.10.win32_1.0.0.202111181127/tools/bin/../lib/gcc/arm-none-eabi/10.3.1/../../../../arm-none-eabi/lib/thumb/v7-m/nofp\libc_nano.a(lib_a-memset.o)
