Archive member included to satisfy reference by file (symbol)

f:/stm32cubeide_1.8.0/stm32cubeide/plugins/com.st.stm32cube.ide.mcu.externaltools.gnu-tools-for-stm32.9-2020-q2-update.win32_2.0.0.202105311346/tools/bin/../lib/gcc/arm-none-eabi/9.3.1/../../../../arm-none-eabi/lib/thumb/v7-m/nofp\libc_nano.a(lib_a-errno.o)
                              ./Core/Src/syscalls.o (__errno)
f:/stm32cubeide_1.8.0/stm32cubeide/plugins/com.st.stm32cube.ide.mcu.externaltools.gnu-tools-for-stm32.9-2020-q2-update.win32_2.0.0.202105311346/tools/bin/../lib/gcc/arm-none-eabi/9.3.1/../../../../arm-none-eabi/lib/thumb/v7-m/nofp\libc_nano.a(lib_a-exit.o)
                              f:/stm32cubeide_1.8.0/stm32cubeide/plugins/com.st.stm32cube.ide.mcu.externaltools.gnu-tools-for-stm32.9-2020-q2-update.win32_2.0.0.202105311346/tools/bin/../lib/gcc/arm-none-eabi/9.3.1/../../../../arm-none-eabi/lib/thumb/v7-m/nofp/crt0.o (exit)
f:/stm32cubeide_1.8.0/stm32cubeide/plugins/com.st.stm32cube.ide.mcu.externaltools.gnu-tools-for-stm32.9-2020-q2-update.win32_2.0.0.202105311346/tools/bin/../lib/gcc/arm-none-eabi/9.3.1/../../../../arm-none-eabi/lib/thumb/v7-m/nofp\libc_nano.a(lib_a-impure.o)
                              f:/stm32cubeide_1.8.0/stm32cubeide/plugins/com.st.stm32cube.ide.mcu.externaltools.gnu-tools-for-stm32.9-2020-q2-update.win32_2.0.0.202105311346/tools/bin/../lib/gcc/arm-none-eabi/9.3.1/../../../../arm-none-eabi/lib/thumb/v7-m/nofp\libc_nano.a(lib_a-exit.o) (_global_impure_ptr)
f:/stm32cubeide_1.8.0/stm32cubeide/plugins/com.st.stm32cube.ide.mcu.externaltools.gnu-tools-for-stm32.9-2020-q2-update.win32_2.0.0.202105311346/tools/bin/../lib/gcc/arm-none-eabi/9.3.1/../../../../arm-none-eabi/lib/thumb/v7-m/nofp\libc_nano.a(lib_a-init.o)
                              f:/stm32cubeide_1.8.0/stm32cubeide/plugins/com.st.stm32cube.ide.mcu.externaltools.gnu-tools-for-stm32.9-2020-q2-update.win32_2.0.0.202105311346/tools/bin/../lib/gcc/arm-none-eabi/9.3.1/../../../../arm-none-eabi/lib/thumb/v7-m/nofp/crt0.o (__libc_init_array)
f:/stm32cubeide_1.8.0/stm32cubeide/plugins/com.st.stm32cube.ide.mcu.externaltools.gnu-tools-for-stm32.9-2020-q2-update.win32_2.0.0.202105311346/tools/bin/../lib/gcc/arm-none-eabi/9.3.1/../../../../arm-none-eabi/lib/thumb/v7-m/nofp\libc_nano.a(lib_a-memset.o)
                              f:/stm32cubeide_1.8.0/stm32cubeide/plugins/com.st.stm32cube.ide.mcu.externaltools.gnu-tools-for-stm32.9-2020-q2-update.win32_2.0.0.202105311346/tools/bin/../lib/gcc/arm-none-eabi/9.3.1/../../../../arm-none-eabi/lib/thumb/v7-m/nofp/crt0.o (memset)
f:/stm32cubeide_1.8.0/stm32cubeide/plugins/com.st.stm32cube.ide.mcu.externaltools.gnu-tools-for-stm32.9-2020-q2-update.win32_2.0.0.202105311346/tools/bin/../lib/gcc/arm-none-eabi/9.3.1/../../../../arm-none-eabi/lib/thumb/v7-m/nofp\libc_nano.a(lib_a-strlen.o)
                              ./Core/Src/fonts.o (strlen)

Allocating common symbols
Common symbol       size              file

hi2c1               0x54              ./Core/Src/main.o
simbol_pus          0x4               ./Core/Src/main.o
uwTick              0x4               ./Drivers/STM32F1xx_HAL_Driver/Src/stm32f1xx_hal.o
pFlash              0x20              ./Drivers/STM32F1xx_HAL_Driver/Src/stm32f1xx_hal_flash.o
htim3               0x48              ./Core/Src/main.o
htim2               0x48              ./Core/Src/main.o

Discarded input sections

 .text          0x0000000000000000        0x0 f:/stm32cubeide_1.8.0/stm32cubeide/plugins/com.st.stm32cube.ide.mcu.externaltools.gnu-tools-for-stm32.9-2020-q2-update.win32_2.0.0.202105311346/tools/bin/../lib/gcc/arm-none-eabi/9.3.1/thumb/v7-m/nofp/crti.o
 .data          0x0000000000000000        0x0 f:/stm32cubeide_1.8.0/stm32cubeide/plugins/com.st.stm32cube.ide.mcu.externaltools.gnu-tools-for-stm32.9-2020-q2-update.win32_2.0.0.202105311346/tools/bin/../lib/gcc/arm-none-eabi/9.3.1/thumb/v7-m/nofp/crti.o
 .bss           0x0000000000000000        0x0 f:/stm32cubeide_1.8.0/stm32cubeide/plugins/com.st.stm32cube.ide.mcu.externaltools.gnu-tools-for-stm32.9-2020-q2-update.win32_2.0.0.202105311346/tools/bin/../lib/gcc/arm-none-eabi/9.3.1/thumb/v7-m/nofp/crti.o
 .data          0x0000000000000000        0x4 f:/stm32cubeide_1.8.0/stm32cubeide/plugins/com.st.stm32cube.ide.mcu.externaltools.gnu-tools-for-stm32.9-2020-q2-update.win32_2.0.0.202105311346/tools/bin/../lib/gcc/arm-none-eabi/9.3.1/thumb/v7-m/nofp/crtbegin.o
 .text          0x0000000000000000       0x7c f:/stm32cubeide_1.8.0/stm32cubeide/plugins/com.st.stm32cube.ide.mcu.externaltools.gnu-tools-for-stm32.9-2020-q2-update.win32_2.0.0.202105311346/tools/bin/../lib/gcc/arm-none-eabi/9.3.1/../../../../arm-none-eabi/lib/thumb/v7-m/nofp/crt0.o
 .data          0x0000000000000000        0x0 f:/stm32cubeide_1.8.0/stm32cubeide/plugins/com.st.stm32cube.ide.mcu.externaltools.gnu-tools-for-stm32.9-2020-q2-update.win32_2.0.0.202105311346/tools/bin/../lib/gcc/arm-none-eabi/9.3.1/../../../../arm-none-eabi/lib/thumb/v7-m/nofp/crt0.o
[...]
Memory Configuration

Name             Origin             Length             Attributes
RAM              0x0000000020000000 0x0000000000005000 xrw
FLASH            0x0000000008000000 0x0000000000010000 xr
*default*        0x0000000000000000 0xffffffffffffffff

Linker script and memory map

LOAD f:/stm32cubeide_1.8.0/stm32cubeide/plugins/com.st.stm32cube.ide.mcu.externaltools.gnu-tools-for-stm32.9-2020-q2-update.win32_2.0.0.202105311346/tools/bin/../lib/gcc/arm-none-eabi/9.3.1/thumb/v7-m/nofp/crti.o
LOAD f:/stm32cubeide_1.8.0/stm32cubeide/plugins/com.st.stm32cube.ide.mcu.externaltools.gnu-tools-for-stm32.9-2020-q2-update.win32_2.0.0.202105311346/tools/bin/../lib/gcc/arm-none-eabi/9.3.1/thumb/v7-m/nofp/crtbegin.o
LOAD f:/stm32cubeide_1.8.0/stm32cubeide/plugins/com.st.stm32cube.ide.mcu.externaltools.gnu-tools-for-stm32.9-2020-q2-update.win32_2.0.0.202105311346/tools/bin/../lib/gcc/arm-none-eabi/9.3.1/../../../../arm-none-eabi/lib/thumb/v7-m/nofp/crt0.o
LOAD ./Core/Src/fonts.o
LOAD ./Core/Src/main.o
LOAD ./Core/Src/ssd1306.o
LOAD ./Core/Src/stm32f1xx_hal_msp.o
LOAD ./Core/Src/stm32f1xx_it.o
LOAD ./Core/Src/syscalls.o
LOAD ./Core/Src/sysmem.o
LOAD ./Core/Src/system_stm32f1xx.o
LOAD ./Core/Src/test.o
LOAD ./Core/Startup/startup_stm32f103c8tx.o
LOAD ./Drivers/STM32F1xx_HAL_Driver/Src/stm32f1xx_hal.o
LOAD ./Drivers/STM32F1xx_HAL_Driver/Src/stm32f1xx_hal_cortex.o
LOAD ./Drivers/STM32F1xx_HAL_Driver/Src/stm32f1xx_hal_dma.o
LOAD ./Drivers/STM32F1xx_HAL_Driver/Src/stm32f1xx_hal_exti.o
LOAD ./Drivers/STM32F1xx_HAL_Driver/Src/stm32f1xx_hal_flash.o
LOAD ./Drivers/STM32F1xx_HAL_Driver/Src/stm32f1xx_hal_flash_ex.o
LOAD ./Drivers/STM32F1xx_HAL_Driver/Src/stm32f1xx_hal_gpio.o
LOAD ./Drivers/STM32F1xx_HAL_Driver/Src/stm32f1xx_hal_gpio_ex.o
LOAD ./Drivers/STM32F1xx_HAL_Driver/Src/stm32f1xx_hal_i2c.o
LOAD ./Drivers/STM32F1xx_HAL_Driver/Src/stm32f1xx_hal_pwr.o
LOAD ./Drivers/STM32F1xx_HAL_Driver/Src/stm32f1xx_hal_rcc.o
LOAD ./Drivers/STM32F1xx_HAL_Driver/Src/stm32f1xx_hal_rcc_ex.o
LOAD ./Drivers/STM32F1xx_HAL_Driver/Src/stm32f1xx_hal_tim.o
LOAD ./Drivers/STM32F1xx_HAL_Driver/Src/stm32f1xx_hal_tim_ex.o
START GROUP
LOAD f:/stm32cubeide_1.8.0/stm32cubeide/plugins/com.st.stm32cube.ide.mcu.externaltools.gnu-tools-for-stm32.9-2020-q2-update.win32_2.0.0.202105311346/tools/bin/../lib/gcc/arm-none-eabi/9.3.1/../../../../arm-none-eabi/lib/thumb/v7-m/nofp\libc_nano.a
LOAD f:/stm32cubeide_1.8.0/stm32cubeide/plugins/com.st.stm32cube.ide.mcu.externaltools.gnu-tools-for-stm32.9-2020-q2-update.win32_2.0.0.202105311346/tools/bin/../lib/gcc/arm-none-eabi/9.3.1/../../../../arm-none-eabi/lib/thumb/v7-m/nofp\libm.a
END GROUP
START GROUP
LOAD f:/stm32cubeide_1.8.0/stm32cubeide/plugins/com.st.stm32cube.ide.mcu.externaltools.gnu-tools-for-stm32.9-2020-q2-update.win32_2.0.0.202105311346/tools/bin/../lib/gcc/arm-none-eabi/9.3.1/thumb/v7-m/nofp\libgcc.a
LOAD f:/stm32cubeide_1.8.0/stm32cubeide/plugins/com.st.stm32cube.ide.mcu.externaltools.gnu-tools-for-stm32.9-2020-q2-update.win32_2.0.0.202105311346/tools/bin/../lib/gcc/arm-none-eabi/9.3.1/../../../../arm-none-eabi/lib/thumb/v7-m/nofp\libc_nano.a
END GROUP
START GROUP
LOAD f:/stm32cubeide_1.8.0/stm32cubeide/plugins/com.st.stm32cube.ide.mcu.externaltools.gnu-tools-for-stm32.9-2020-q2-update.win32_2.0.0.202105311346/tools/bin/../lib/gcc/arm-none-eabi/9.3.1/thumb/v7-m/nofp\libgcc.a
LOAD f:/stm32cubeide_1.8.0/stm32cubeide/plugins/com.st.stm32cube.ide.mcu.externaltools.gnu-tools-for-stm32.9-2020-q2-update.win32_2.0.0.202105311346/tools/bin/../lib/gcc/arm-none-eabi/9.3.1/../../../../arm-none-eabi/lib/thumb/v7-m/nofp\libc_nano.a
LOAD f:/stm32cubeide_1.8.0/stm32cubeide/plugins/com.st.stm32cube.ide.mcu.externaltools.gnu-tools-for-stm32.9-2020-q2-update.win32_2.0.0.202105311346/tools/bin/../lib/gcc/arm-none-eabi/9.3.1/../../../../arm-none-eabi/lib/thumb/v7-m/nofp\libnosys.a
END GROUP
START GROUP
LOAD f:/stm32cubeide_1.8.0/stm32cubeide/plugins/com.st.stm32cube.ide.mcu.externaltools.gnu-tools-for-stm32.9-2020-q2-update.win32_2.0.0.202105311346/tools/bin/../lib/gcc/arm-none-eabi/9.3.1/thumb/v7-m/nofp\libgcc.a
LOAD f:/stm32cubeide_1.8.0/stm32cubeide/plugins/com.st.stm32cube.ide.mcu.externaltools.gnu-tools-for-stm32.9-2020-q2-update.win32_2.0.0.202105311346/tools/bin/../lib/gcc/arm-none-eabi/9.3.1/../../../../arm-none-eabi/lib/thumb/v7-m/nofp\libc_nano.a
LOAD f:/stm32cubeide_1.8.0/stm32cubeide/plugins/com.st.stm32cube.ide.mcu.externaltools.gnu-tools-for-stm32.9-2020-q2-update.win32_2.0.0.202105311346/tools/bin/../lib/gcc/arm-none-eabi/9.3.1/../../../../arm-none-eabi/lib/thumb/v7-m/nofp\libnosys.a
END GROUP
LOAD f:/stm32cubeide_1.8.0/stm32cubeide/plugins/com.st.stm32cube.ide.mcu.externaltools.gnu-tools-for-stm32.9-2020-q2-update.win32_2.0.0.202105311346/tools/bin/../lib/gcc/arm-none-eabi/9.3.1/thumb/v7-m/nofp/crtend.o
LOAD f:/stm32cubeide_1.8.0/stm32cubeide/plugins/com.st.stm32cube.ide.mcu.externaltools.gnu-tools-for-stm32.9-2020-q2-update.win32_2.0.0.202105311346/tools/bin/../lib/gcc/arm-none-eabi/9.3.1/thumb/v7-m/nofp/crtn.o
                0x0000000020005000                _estack = (ORIGIN (RAM) + LENGTH (RAM))
                0x0000000000000200                _Min_Heap_Size = 0x200
                0x0000000000000400                _Min_Stack_Size = 0x400

.isr_vector     0x0000000008000000      0x10c
                0x0000000008000000                . = ALIGN (0x4)
 *(.isr_vector)
 .isr_vector    0x0000000008000000      0x10c ./Core/Startup/startup_stm32f103c8tx.o
                0x0000000008000000                g_pfnVectors
                0x000000000800010c                . = ALIGN (0x4)

.text           0x000000000800010c     0x3ee4
                0x000000000800010c                . = ALIGN (0x4)
 *(.text)
 .text          0x000000000800010c       0x40 f:/stm32cubeide_1.8.0/stm32cubeide/plugins/com.st.stm32cube.ide.mcu.externaltools.gnu-tools-for-stm32.9-2020-q2-update.win32_2.0.0.202105311346/tools/bin/../lib/gcc/arm-none-eabi/9.3.1/thumb/v7-m/nofp/crtbegin.o
 *(.text*)
 .text.__NVIC_ClearPendingIRQ
                0x000000000800014c       0x3c ./Core/Src/main.o
 .text.ComparePusword
                0x0000000008000188       0x9c ./Core/Src/main.o
                0x0000000008000188                ComparePusword
 .text.EnterPusword
                0x0000000008000224       0x5c ./Core/Src/main.o
                0x0000000008000224                EnterPusword
 .text.main     0x0000000008000280      0x278 ./Core/Src/main.o
                0x0000000008000280                main
 .text.SystemClock_Config
                0x00000000080004f8       0x8a ./Core/Src/main.o
                0x00000000080004f8                SystemClock_Config
 *fill*         0x0000000008000582        0x2 
 .text.MX_I2C1_Init
                0x0000000008000584       0x5c ./Core/Src/main.o
 .text.MX_TIM2_Init
                0x00000000080005e0       0xb0 ./Core/Src/main.o
 .text.MX_TIM3_Init
                0x0000000008000690       0x9c ./Core/Src/main.o
 .text.MX_GPIO_Init
                0x000000000800072c       0xf8 ./Core/Src/main.o
 .text.HAL_GPIO_EXTI_Callback
                0x0000000008000824       0x90 ./Core/Src/main.o
                0x0000000008000824                HAL_GPIO_EXTI_Callback
 .text.HAL_TIM_PeriodElapsedCallback
                0x00000000080008b4      0x264 ./Core/Src/main.o
                0x00000000080008b4                HAL_TIM_PeriodElapsedCallback
 .text.Error_Handler
                0x0000000008000b18        0xa ./Core/Src/main.o
                0x0000000008000b18                Error_Handler
 *fill*         0x0000000008000b22        0x2 
 .text.SSD1306_Init
                0x0000000008000b24      0x188 ./Core/Src/ssd1306.o
                0x0000000008000b24                SSD1306_Init
 .text.SSD1306_UpdateScreen
                0x0000000008000cac       0x5c ./Core/Src/ssd1306.o
                0x0000000008000cac                SSD1306_UpdateScreen
 .text.SSD1306_Fill
                0x0000000008000d08       0x30 ./Core/Src/ssd1306.o
                0x0000000008000d08                SSD1306_Fill
 .text.SSD1306_DrawPixel
                0x0000000008000d38       0xbc ./Core/Src/ssd1306.o
                0x0000000008000d38                SSD1306_DrawPixel
 .text.SSD1306_GotoXY
                0x0000000008000df4       0x2c ./Core/Src/ssd1306.o
                0x0000000008000df4                SSD1306_GotoXY
 .text.SSD1306_Putc
                0x0000000008000e20      0x100 ./Core/Src/ssd1306.o
                0x0000000008000e20                SSD1306_Putc
 .text.SSD1306_Puts
                0x0000000008000f20       0x4a ./Core/Src/ssd1306.o
                0x0000000008000f20                SSD1306_Puts
 .text.SSD1306_DrawLine
                0x0000000008000f6a      0x1f6 ./Core/Src/ssd1306.o
                0x0000000008000f6a                SSD1306_DrawLine
 .text.SSD1306_DrawFilledRectangle
                0x0000000008001160       0x9a ./Core/Src/ssd1306.o
                0x0000000008001160                SSD1306_DrawFilledRectangle
 .text.SSD1306_Clear
                0x00000000080011fa       0x12 ./Core/Src/ssd1306.o
                0x00000000080011fa                SSD1306_Clear
 .text.ssd1306_I2C_Init
                0x000000000800120c       0x28 ./Core/Src/ssd1306.o
                0x000000000800120c                ssd1306_I2C_Init
 .text.ssd1306_I2C_WriteMulti
                0x0000000008001234       0x90 ./Core/Src/ssd1306.o
                0x0000000008001234                ssd1306_I2C_WriteMulti
 .text.ssd1306_I2C_Write
                0x00000000080012c4       0x3c ./Core/Src/ssd1306.o
                0x00000000080012c4                ssd1306_I2C_Write
 .text.HAL_MspInit
                0x0000000008001300       0x64 ./Core/Src/stm32f1xx_hal_msp.o
                0x0000000008001300                HAL_MspInit
 .text.HAL_I2C_MspInit
                0x0000000008001364       0xa0 ./Core/Src/stm32f1xx_hal_msp.o
                0x0000000008001364                HAL_I2C_MspInit
 .text.HAL_TIM_PWM_MspInit
                0x0000000008001404       0x48 ./Core/Src/stm32f1xx_hal_msp.o
                0x0000000008001404                HAL_TIM_PWM_MspInit
 .text.HAL_TIM_Base_MspInit
                0x000000000800144c       0x4c ./Core/Src/stm32f1xx_hal_msp.o
                0x000000000800144c                HAL_TIM_Base_MspInit
 .text.HAL_TIM_MspPostInit
                0x0000000008001498       0x60 ./Core/Src/stm32f1xx_hal_msp.o
                0x0000000008001498                HAL_TIM_MspPostInit
 .text.NMI_Handler
                0x00000000080014f8        0x6 ./Core/Src/stm32f1xx_it.o
                0x00000000080014f8                NMI_Handler
 .text.HardFault_Handler
                0x00000000080014fe        0x6 ./Core/Src/stm32f1xx_it.o
                0x00000000080014fe                HardFault_Handler
 .text.MemManage_Handler
                0x0000000008001504        0x6 ./Core/Src/stm32f1xx_it.o
                0x0000000008001504                MemManage_Handler
 .text.BusFault_Handler
                0x000000000800150a        0x6 ./Core/Src/stm32f1xx_it.o
                0x000000000800150a                BusFault_Handler
 .text.UsageFault_Handler
                0x0000000008001510        0x6 ./Core/Src/stm32f1xx_it.o
                0x0000000008001510                UsageFault_Handler
 .text.SVC_Handler
                0x0000000008001516        0xc ./Core/Src/stm32f1xx_it.o
                0x0000000008001516                SVC_Handler
 .text.DebugMon_Handler
                0x0000000008001522        0xc ./Core/Src/stm32f1xx_it.o
                0x0000000008001522                DebugMon_Handler
 .text.PendSV_Handler
                0x000000000800152e        0xc ./Core/Src/stm32f1xx_it.o
                0x000000000800152e                PendSV_Handler
 .text.SysTick_Handler
                0x000000000800153a        0xc ./Core/Src/stm32f1xx_it.o
                0x000000000800153a                SysTick_Handler
 .text.EXTI2_IRQHandler
                0x0000000008001546        0xe ./Core/Src/stm32f1xx_it.o
                0x0000000008001546                EXTI2_IRQHandler
 .text.EXTI3_IRQHandler
                0x0000000008001554        0xe ./Core/Src/stm32f1xx_it.o
                0x0000000008001554                EXTI3_IRQHandler
 .text.EXTI4_IRQHandler
                0x0000000008001562        0xe ./Core/Src/stm32f1xx_it.o
                0x0000000008001562                EXTI4_IRQHandler
 .text.EXTI9_5_IRQHandler
                0x0000000008001570       0x2a ./Core/Src/stm32f1xx_it.o
                0x0000000008001570                EXTI9_5_IRQHandler
 *fill*         0x000000000800159a        0x2 
 .text.TIM2_IRQHandler
                0x000000000800159c       0x14 ./Core/Src/stm32f1xx_it.o
                0x000000000800159c                TIM2_IRQHandler
 .text.TIM3_IRQHandler
                0x00000000080015b0       0x14 ./Core/Src/stm32f1xx_it.o
                0x00000000080015b0                TIM3_IRQHandler
 .text.EXTI15_10_IRQHandler
                0x00000000080015c4       0x28 ./Core/Src/stm32f1xx_it.o
                0x00000000080015c4                EXTI15_10_IRQHandler
 .text.SystemInit
                0x00000000080015ec        0xc ./Core/Src/system_stm32f1xx.o
                0x00000000080015ec                SystemInit
 .text.Reset_Handler
                0x00000000080015f8       0x48 ./Core/Startup/startup_stm32f103c8tx.o
                0x00000000080015f8                Reset_Handler
 .text.Default_Handler
                0x0000000008001640        0x2 ./Core/Startup/startup_stm32f103c8tx.o
                0x0000000008001640                RTC_Alarm_IRQHandler
                0x0000000008001640                TIM1_CC_IRQHandler
                0x0000000008001640                PVD_IRQHandler
                0x0000000008001640                EXTI0_IRQHandler
                0x0000000008001640                I2C2_EV_IRQHandler
                0x0000000008001640                ADC1_2_IRQHandler
                0x0000000008001640                SPI1_IRQHandler
                0x0000000008001640                TAMPER_IRQHandler
                0x0000000008001640                DMA1_Channel4_IRQHandler
                0x0000000008001640                USART3_IRQHandler
                0x0000000008001640                RTC_IRQHandler
                0x0000000008001640                DMA1_Channel7_IRQHandler
                0x0000000008001640                CAN1_RX1_IRQHandler
                0x0000000008001640                TIM4_IRQHandler
                0x0000000008001640                I2C1_EV_IRQHandler
                0x0000000008001640                DMA1_Channel6_IRQHandler
                0x0000000008001640                RCC_IRQHandler
                0x0000000008001640                TIM1_TRG_COM_IRQHandler
                0x0000000008001640                DMA1_Channel1_IRQHandler
                0x0000000008001640                Default_Handler
                0x0000000008001640                SPI2_IRQHandler
                0x0000000008001640                DMA1_Channel5_IRQHandler
                0x0000000008001640                USB_LP_CAN1_RX0_IRQHandler
                0x0000000008001640                USB_HP_CAN1_TX_IRQHandler
                0x0000000008001640                DMA1_Channel3_IRQHandler
                0x0000000008001640                TIM1_UP_IRQHandler
                0x0000000008001640                WWDG_IRQHandler
                0x0000000008001640                TIM1_BRK_IRQHandler
                0x0000000008001640                EXTI1_IRQHandler
                0x0000000008001640                USART2_IRQHandler
                0x0000000008001640                I2C2_ER_IRQHandler
                0x0000000008001640                DMA1_Channel2_IRQHandler
                0x0000000008001640                CAN1_SCE_IRQHandler
                0x0000000008001640                FLASH_IRQHandler
                0x0000000008001640                USART1_IRQHandler
                0x0000000008001640                I2C1_ER_IRQHandler
                0x0000000008001640                USBWakeUp_IRQHandler
 *fill*         0x0000000008001642        0x2 
 .text.HAL_Init
                0x0000000008001644       0x2c ./Drivers/STM32F1xx_HAL_Driver/Src/stm32f1xx_hal.o
                0x0000000008001644                HAL_Init
 .text.HAL_InitTick
                0x0000000008001670       0x60 ./Drivers/STM32F1xx_HAL_Driver/Src/stm32f1xx_hal.o
                0x0000000008001670                HAL_InitTick
 .text.HAL_IncTick
                0x00000000080016d0       0x24 ./Drivers/STM32F1xx_HAL_Driver/Src/stm32f1xx_hal.o
                0x00000000080016d0                HAL_IncTick
 .text.HAL_GetTick
                0x00000000080016f4       0x14 ./Drivers/STM32F1xx_HAL_Driver/Src/stm32f1xx_hal.o
                0x00000000080016f4                HAL_GetTick
 .text.__NVIC_SetPriorityGrouping
                0x0000000008001708       0x48 ./Drivers/STM32F1xx_HAL_Driver/Src/stm32f1xx_hal_cortex.o
 .text.__NVIC_GetPriorityGrouping
                0x0000000008001750       0x1c ./Drivers/STM32F1xx_HAL_Driver/Src/stm32f1xx_hal_cortex.o
 .text.__NVIC_EnableIRQ
                0x000000000800176c       0x38 ./Drivers/STM32F1xx_HAL_Driver/Src/stm32f1xx_hal_cortex.o
 .text.__NVIC_DisableIRQ
                0x00000000080017a4       0x48 ./Drivers/STM32F1xx_HAL_Driver/Src/stm32f1xx_hal_cortex.o
 .text.__NVIC_SetPriority
                0x00000000080017ec       0x54 ./Drivers/STM32F1xx_HAL_Driver/Src/stm32f1xx_hal_cortex.o
 .text.NVIC_EncodePriority
                0x0000000008001840       0x64 ./Drivers/STM32F1xx_HAL_Driver/Src/stm32f1xx_hal_cortex.o
 .text.SysTick_Config
                0x00000000080018a4       0x44 ./Drivers/STM32F1xx_HAL_Driver/Src/stm32f1xx_hal_cortex.o
 .text.HAL_NVIC_SetPriorityGrouping
                0x00000000080018e8       0x16 ./Drivers/STM32F1xx_HAL_Driver/Src/stm32f1xx_hal_cortex.o
                0x00000000080018e8                HAL_NVIC_SetPriorityGrouping
 .text.HAL_NVIC_SetPriority
                0x00000000080018fe       0x38 ./Drivers/STM32F1xx_HAL_Driver/Src/stm32f1xx_hal_cortex.o
                0x00000000080018fe                HAL_NVIC_SetPriority
 .text.HAL_NVIC_EnableIRQ
                0x0000000008001936       0x1c ./Drivers/STM32F1xx_HAL_Driver/Src/stm32f1xx_hal_cortex.o
                0x0000000008001936                HAL_NVIC_EnableIRQ
 .text.HAL_NVIC_DisableIRQ
                0x0000000008001952       0x1c ./Drivers/STM32F1xx_HAL_Driver/Src/stm32f1xx_hal_cortex.o
                0x0000000008001952                HAL_NVIC_DisableIRQ
 .text.HAL_SYSTICK_Config
                0x000000000800196e       0x18 ./Drivers/STM32F1xx_HAL_Driver/Src/stm32f1xx_hal_cortex.o
                0x000000000800196e                HAL_SYSTICK_Config
 *fill*         0x0000000008001986        0x2 
 .text.HAL_GPIO_Init
                0x0000000008001988      0x308 ./Drivers/STM32F1xx_HAL_Driver/Src/stm32f1xx_hal_gpio.o
                0x0000000008001988                HAL_GPIO_Init
 .text.HAL_GPIO_ReadPin
                0x0000000008001c90       0x2e ./Drivers/STM32F1xx_HAL_Driver/Src/stm32f1xx_hal_gpio.o
                0x0000000008001c90                HAL_GPIO_ReadPin
 *fill*         0x0000000008001cbe        0x2 
 .text.HAL_GPIO_EXTI_IRQHandler
                0x0000000008001cc0       0x30 ./Drivers/STM32F1xx_HAL_Driver/Src/stm32f1xx_hal_gpio.o
                0x0000000008001cc0                HAL_GPIO_EXTI_IRQHandler
 .text.HAL_I2C_Init
                0x0000000008001cf0      0x288 ./Drivers/STM32F1xx_HAL_Driver/Src/stm32f1xx_hal_i2c.o
                0x0000000008001cf0                HAL_I2C_Init
 .text.HAL_I2C_Master_Transmit
                0x0000000008001f78      0x1fc ./Drivers/STM32F1xx_HAL_Driver/Src/stm32f1xx_hal_i2c.o
                0x0000000008001f78                HAL_I2C_Master_Transmit
 .text.HAL_I2C_IsDeviceReady
                0x0000000008002174      0x25c ./Drivers/STM32F1xx_HAL_Driver/Src/stm32f1xx_hal_i2c.o
                0x0000000008002174                HAL_I2C_IsDeviceReady
 .text.I2C_MasterRequestWrite
                0x00000000080023d0      0x104 ./Drivers/STM32F1xx_HAL_Driver/Src/stm32f1xx_hal_i2c.o
 .text.I2C_WaitOnFlagUntilTimeout
                0x00000000080024d4       0xae ./Drivers/STM32F1xx_HAL_Driver/Src/stm32f1xx_hal_i2c.o
 .text.I2C_WaitOnMasterAddressFlagUntilTimeout
                0x0000000008002582       0xfe ./Drivers/STM32F1xx_HAL_Driver/Src/stm32f1xx_hal_i2c.o
 .text.I2C_WaitOnTXEFlagUntilTimeout
                0x0000000008002680       0x82 ./Drivers/STM32F1xx_HAL_Driver/Src/stm32f1xx_hal_i2c.o
 .text.I2C_WaitOnBTFFlagUntilTimeout
                0x0000000008002702       0x82 ./Drivers/STM32F1xx_HAL_Driver/Src/stm32f1xx_hal_i2c.o
 .text.I2C_IsAcknowledgeFailed
                0x0000000008002784       0x5c ./Drivers/STM32F1xx_HAL_Driver/Src/stm32f1xx_hal_i2c.o
 .text.HAL_RCC_OscConfig
                0x00000000080027e0      0x500 ./Drivers/STM32F1xx_HAL_Driver/Src/stm32f1xx_hal_rcc.o
                0x00000000080027e0                HAL_RCC_OscConfig
 .text.HAL_RCC_ClockConfig
                0x0000000008002ce0      0x1d4 ./Drivers/STM32F1xx_HAL_Driver/Src/stm32f1xx_hal_rcc.o
                0x0000000008002ce0                HAL_RCC_ClockConfig
 .text.HAL_RCC_GetSysClockFreq
                0x0000000008002eb4       0xc0 ./Drivers/STM32F1xx_HAL_Driver/Src/stm32f1xx_hal_rcc.o
                0x0000000008002eb4                HAL_RCC_GetSysClockFreq
 .text.HAL_RCC_GetHCLKFreq
                0x0000000008002f74       0x14 ./Drivers/STM32F1xx_HAL_Driver/Src/stm32f1xx_hal_rcc.o
                0x0000000008002f74                HAL_RCC_GetHCLKFreq
 .text.HAL_RCC_GetPCLK1Freq
                0x0000000008002f88       0x28 ./Drivers/STM32F1xx_HAL_Driver/Src/stm32f1xx_hal_rcc.o
                0x0000000008002f88                HAL_RCC_GetPCLK1Freq
 .text.RCC_Delay
                0x0000000008002fb0       0x3c ./Drivers/STM32F1xx_HAL_Driver/Src/stm32f1xx_hal_rcc.o
 .text.HAL_TIM_Base_Init
                0x0000000008002fec       0x9e ./Drivers/STM32F1xx_HAL_Driver/Src/stm32f1xx_hal_tim.o
                0x0000000008002fec                HAL_TIM_Base_Init
 *fill*         0x000000000800308a        0x2 
 .text.HAL_TIM_Base_Start_IT
                0x000000000800308c       0xa4 ./Drivers/STM32F1xx_HAL_Driver/Src/stm32f1xx_hal_tim.o
                0x000000000800308c                HAL_TIM_Base_Start_IT
 .text.HAL_TIM_Base_Stop_IT
                0x0000000008003130       0x5c ./Drivers/STM32F1xx_HAL_Driver/Src/stm32f1xx_hal_tim.o
                0x0000000008003130                HAL_TIM_Base_Stop_IT
 .text.HAL_TIM_PWM_Init
                0x000000000800318c       0x9e ./Drivers/STM32F1xx_HAL_Driver/Src/stm32f1xx_hal_tim.o
                0x000000000800318c                HAL_TIM_PWM_Init
 *fill*         0x000000000800322a        0x2 
 .text.HAL_TIM_PWM_Start_IT
                0x000000000800322c      0x1d0 ./Drivers/STM32F1xx_HAL_Driver/Src/stm32f1xx_hal_tim.o
                0x000000000800322c                HAL_TIM_PWM_Start_IT
 .text.HAL_TIM_IRQHandler
                0x00000000080033fc      0x210 ./Drivers/STM32F1xx_HAL_Driver/Src/stm32f1xx_hal_tim.o
                0x00000000080033fc                HAL_TIM_IRQHandler
 .text.HAL_TIM_PWM_ConfigChannel
                0x000000000800360c      0x17c ./Drivers/STM32F1xx_HAL_Driver/Src/stm32f1xx_hal_tim.o
                0x000000000800360c                HAL_TIM_PWM_ConfigChannel
 .text.HAL_TIM_ConfigClockSource
                0x0000000008003788      0x188 ./Drivers/STM32F1xx_HAL_Driver/Src/stm32f1xx_hal_tim.o
                0x0000000008003788                HAL_TIM_ConfigClockSource
 .text.HAL_TIM_OC_DelayElapsedCallback
                0x0000000008003910       0x12 ./Drivers/STM32F1xx_HAL_Driver/Src/stm32f1xx_hal_tim.o
                0x0000000008003910                HAL_TIM_OC_DelayElapsedCallback
 .text.HAL_TIM_IC_CaptureCallback
                0x0000000008003922       0x12 ./Drivers/STM32F1xx_HAL_Driver/Src/stm32f1xx_hal_tim.o
                0x0000000008003922                HAL_TIM_IC_CaptureCallback
 .text.HAL_TIM_PWM_PulseFinishedCallback
                0x0000000008003934       0x12 ./Drivers/STM32F1xx_HAL_Driver/Src/stm32f1xx_hal_tim.o
                0x0000000008003934                HAL_TIM_PWM_PulseFinishedCallback
 .text.HAL_TIM_TriggerCallback
                0x0000000008003946       0x12 ./Drivers/STM32F1xx_HAL_Driver/Src/stm32f1xx_hal_tim.o
                0x0000000008003946                HAL_TIM_TriggerCallback
 .text.TIM_Base_SetConfig
                0x0000000008003958       0xc4 ./Drivers/STM32F1xx_HAL_Driver/Src/stm32f1xx_hal_tim.o
                0x0000000008003958                TIM_Base_SetConfig
 .text.TIM_OC1_SetConfig
                0x0000000008003a1c       0xcc ./Drivers/STM32F1xx_HAL_Driver/Src/stm32f1xx_hal_tim.o
 .text.TIM_OC2_SetConfig
                0x0000000008003ae8       0xd4 ./Drivers/STM32F1xx_HAL_Driver/Src/stm32f1xx_hal_tim.o
                0x0000000008003ae8                TIM_OC2_SetConfig
 .text.TIM_OC3_SetConfig
                0x0000000008003bbc       0xd4 ./Drivers/STM32F1xx_HAL_Driver/Src/stm32f1xx_hal_tim.o
 .text.TIM_OC4_SetConfig
                0x0000000008003c90       0x9c ./Drivers/STM32F1xx_HAL_Driver/Src/stm32f1xx_hal_tim.o
 .text.TIM_TI1_ConfigInputStage
                0x0000000008003d2c       0x5c ./Drivers/STM32F1xx_HAL_Driver/Src/stm32f1xx_hal_tim.o
 .text.TIM_TI2_ConfigInputStage
                0x0000000008003d88       0x5e ./Drivers/STM32F1xx_HAL_Driver/Src/stm32f1xx_hal_tim.o
 .text.TIM_ITRx_SetConfig
                0x0000000008003de6       0x34 ./Drivers/STM32F1xx_HAL_Driver/Src/stm32f1xx_hal_tim.o
 .text.TIM_ETR_SetConfig
                0x0000000008003e1a       0x3e ./Drivers/STM32F1xx_HAL_Driver/Src/stm32f1xx_hal_tim.o
                0x0000000008003e1a                TIM_ETR_SetConfig
 .text.TIM_CCxChannelCmd
                0x0000000008003e58       0x48 ./Drivers/STM32F1xx_HAL_Driver/Src/stm32f1xx_hal_tim.o
                0x0000000008003e58                TIM_CCxChannelCmd
 .text.HAL_TIMEx_MasterConfigSynchronization
                0x0000000008003ea0       0xbc ./Drivers/STM32F1xx_HAL_Driver/Src/stm32f1xx_hal_tim_ex.o
                0x0000000008003ea0                HAL_TIMEx_MasterConfigSynchronization
 .text.HAL_TIMEx_CommutCallback
                0x0000000008003f5c       0x12 ./Drivers/STM32F1xx_HAL_Driver/Src/stm32f1xx_hal_tim_ex.o
                0x0000000008003f5c                HAL_TIMEx_CommutCallback
 .text.HAL_TIMEx_BreakCallback
                0x0000000008003f6e       0x12 ./Drivers/STM32F1xx_HAL_Driver/Src/stm32f1xx_hal_tim_ex.o
                0x0000000008003f6e                HAL_TIMEx_BreakCallback
 .text.__libc_init_array
                0x0000000008003f80       0x48 f:/stm32cubeide_1.8.0/stm32cubeide/plugins/com.st.stm32cube.ide.mcu.externaltools.gnu-tools-for-stm32.9-2020-q2-update.win32_2.0.0.202105311346/tools/bin/../lib/gcc/arm-none-eabi/9.3.1/../../../../arm-none-eabi/lib/thumb/v7-m/nofp\libc_nano.a(lib_a-init.o)
                0x0000000008003f80                __libc_init_array
 .text.memset   0x0000000008003fc8       0x10 f:/stm32cubeide_1.8.0/stm32cubeide/plugins/com.st.stm32cube.ide.mcu.externaltools.gnu-tools-for-stm32.9-2020-q2-update.win32_2.0.0.202105311346/tools/bin/../lib/gcc/arm-none-eabi/9.3.1/../../../../arm-none-eabi/lib/thumb/v7-m/nofp\libc_nano.a(lib_a-memset.o)
                0x0000000008003fc8                memset
 *(.glue_7)
 .glue_7        0x0000000008003fd8        0x0 linker stubs
 *(.glue_7t)
 .glue_7t       0x0000000008003fd8        0x0 linker stubs
 *(.eh_frame)
 .eh_frame      0x0000000008003fd8        0x0 f:/stm32cubeide_1.8.0/stm32cubeide/plugins/com.st.stm32cube.ide.mcu.externaltools.gnu-tools-for-stm32.9-2020-q2-update.win32_2.0.0.202105311346/tools/bin/../lib/gcc/arm-none-eabi/9.3.1/thumb/v7-m/nofp/crtbegin.o
 *(.init)
 .init          0x0000000008003fd8        0x4 f:/stm32cubeide_1.8.0/stm32cubeide/plugins/com.st.stm32cube.ide.mcu.externaltools.gnu-tools-for-stm32.9-2020-q2-update.win32_2.0.0.202105311346/tools/bin/../lib/gcc/arm-none-eabi/9.3.1/thumb/v7-m/nofp/crti.o
                0x0000000008003fd8                _init
 .init          0x0000000008003fdc        0x8 f:/stm32cubeide_1.8.0/stm32cubeide/plugins/com.st.stm32cube.ide.mcu.externaltools.gnu-tools-for-stm32.9-2020-q2-update.win32_2.0.0.202105311346/tools/bin/../lib/gcc/arm-none-eabi/9.3.1/thumb/v7-m/nofp/crtn.o
 *(.fini)
 .fini          0x0000000008003fe4        0x4 f:/stm32cubeide_1.8.0/stm32cubeide/plugins/com.st.stm32cube.ide.mcu.externaltools.gnu-tools-for-stm32.9-2020-q2-update.win32_2.0.0.202105311346/tools/bin/../lib/gcc/arm-none-eabi/9.3.1/thumb/v7-m/nofp/crti.o
                0x0000000008003fe4                _fini
 .fini          0x0000000008003fe8        0x8 f:/stm32cubeide_1.8.0/stm32cubeide/plugins/com.st.stm32cube.ide.mcu.externaltools.gnu-tools-for-stm32.9-2020-q2-update.win32_2.0.0.202105311346/tools/bin/../lib/gcc/arm-none-eabi/9.3.1/thumb/v7-m/nofp/crtn.o
                0x0000000008003ff0                . = ALIGN (0x4)
                0x0000000008003ff0                _etext = .

.vfp11_veneer   0x0000000008003ff0        0x0
 .vfp11_veneer  0x0000000008003ff0        0x0 linker stubs

.v4_bx          0x0000000008003ff0        0x0
 .v4_bx         0x0000000008003ff0        0x0 linker stubs

.iplt           0x0000000008003ff0        0x0
 .iplt          0x0000000008003ff0        0x0 f:/stm32cubeide_1.8.0/stm32cubeide/plugins/com.st.stm32cube.ide.mcu.externaltools.gnu-tools-for-stm32.9-2020-q2-update.win32_2.0.0.202105311346/tools/bin/../lib/gcc/arm-none-eabi/9.3.1/thumb/v7-m/nofp/crtbegin.o

.rodata         0x0000000008003ff0      0xdb8
                0x0000000008003ff0                . = ALIGN (0x4)
 *(.rodata)
 .rodata        0x0000000008003ff0       0x31 ./Core/Src/main.o
 *fill*         0x0000000008004021        0x3 
 .rodata        0x0000000008004024       0x10 ./Drivers/STM32F1xx_HAL_Driver/Src/stm32f1xx_hal_rcc.o
 *(.rodata*)
 .rodata.Font11x18
                0x0000000008004034      0xd5c ./Core/Src/fonts.o
                0x0000000008004034                Font11x18
 .rodata.AHBPrescTable
                0x0000000008004d90       0x10 ./Core/Src/system_stm32f1xx.o
                0x0000000008004d90                AHBPrescTable
 .rodata.APBPrescTable
                0x0000000008004da0        0x8 ./Core/Src/system_stm32f1xx.o
                0x0000000008004da0                APBPrescTable
                0x0000000008004da8                . = ALIGN (0x4)

.rel.dyn        0x0000000008004da8        0x0
 .rel.iplt      0x0000000008004da8        0x0 f:/stm32cubeide_1.8.0/stm32cubeide/plugins/com.st.stm32cube.ide.mcu.externaltools.gnu-tools-for-stm32.9-2020-q2-update.win32_2.0.0.202105311346/tools/bin/../lib/gcc/arm-none-eabi/9.3.1/thumb/v7-m/nofp/crtbegin.o

.ARM.extab      0x0000000008004da8        0x0
                0x0000000008004da8                . = ALIGN (0x4)
 *(.ARM.extab* .gnu.linkonce.armextab.*)
                0x0000000008004da8                . = ALIGN (0x4)

.ARM            0x0000000008004da8        0x0
                0x0000000008004da8                . = ALIGN (0x4)
                0x0000000008004da8                __exidx_start = .
 *(.ARM.exidx*)
                0x0000000008004da8                __exidx_end = .
                0x0000000008004da8                . = ALIGN (0x4)

.preinit_array  0x0000000008004da8        0x0
                0x0000000008004da8                . = ALIGN (0x4)
                0x0000000008004da8                PROVIDE (__preinit_array_start = .)
 *(.preinit_array*)
                0x0000000008004da8                PROVIDE (__preinit_array_end = .)
                0x0000000008004da8                . = ALIGN (0x4)

.init_array     0x0000000008004da8        0x4
                0x0000000008004da8                . = ALIGN (0x4)
                0x0000000008004da8                PROVIDE (__init_array_start = .)
 *(SORT_BY_NAME(.init_array.*))
 *(.init_array*)
 .init_array    0x0000000008004da8        0x4 f:/stm32cubeide_1.8.0/stm32cubeide/plugins/com.st.stm32cube.ide.mcu.externaltools.gnu-tools-for-stm32.9-2020-q2-update.win32_2.0.0.202105311346/tools/bin/../lib/gcc/arm-none-eabi/9.3.1/thumb/v7-m/nofp/crtbegin.o
                0x0000000008004dac                PROVIDE (__init_array_end = .)
                0x0000000008004dac                . = ALIGN (0x4)

.fini_array     0x0000000008004dac        0x4
                0x0000000008004dac                . = ALIGN (0x4)
                [!provide]                        PROVIDE (__fini_array_start = .)
 *(SORT_BY_NAME(.fini_array.*))
 *(.fini_array*)
 .fini_array    0x0000000008004dac        0x4 f:/stm32cubeide_1.8.0/stm32cubeide/plugins/com.st.stm32cube.ide.mcu.externaltools.gnu-tools-for-stm32.9-2020-q2-update.win32_2.0.0.202105311346/tools/bin/../lib/gcc/arm-none-eabi/9.3.1/thumb/v7-m/nofp/crtbegin.o
                [!provide]                        PROVIDE (__fini_array_end = .)
                0x0000000008004db0                . = ALIGN (0x4)
                0x0000000008004db0                _sidata = LOADADDR (.data)

.data           0x0000000020000000       0x20 load address 0x0000000008004db0
                0x0000000020000000                . = ALIGN (0x4)
                0x0000000020000000                _sdata = .
 *(.data)
 *(.data*)
 .data.Font_11x18
                0x0000000020000000        0x8 ./Core/Src/fonts.o
                0x0000000020000000                Font_11x18
 .data.curentS  0x0000000020000008        0x2 ./Core/Src/main.o
                0x0000000020000008                curentS
 *fill*         0x000000002000000a        0x2 
 .data.pusword  0x000000002000000c        0x8 ./Core/Src/main.o
                0x000000002000000c                pusword
 .data.SystemCoreClock
                0x0000000020000014        0x4 ./Core/Src/system_stm32f1xx.o
                0x0000000020000014                SystemCoreClock
 .data.uwTickPrio
                0x0000000020000018        0x4 ./Drivers/STM32F1xx_HAL_Driver/Src/stm32f1xx_hal.o
                0x0000000020000018                uwTickPrio
 .data.uwTickFreq
                0x000000002000001c        0x1 ./Drivers/STM32F1xx_HAL_Driver/Src/stm32f1xx_hal.o
                0x000000002000001c                uwTickFreq
 *(.RamFunc)
 *(.RamFunc*)
                0x0000000020000020                . = ALIGN (0x4)
 *fill*         0x000000002000001d        0x3 
                0x0000000020000020                _edata = .

.igot.plt       0x0000000020000020        0x0 load address 0x0000000008004dd0
 .igot.plt      0x0000000020000020        0x0 f:/stm32cubeide_1.8.0/stm32cubeide/plugins/com.st.stm32cube.ide.mcu.externaltools.gnu-tools-for-stm32.9-2020-q2-update.win32_2.0.0.202105311346/tools/bin/../lib/gcc/arm-none-eabi/9.3.1/thumb/v7-m/nofp/crtbegin.o
                0x0000000020000020                . = ALIGN (0x4)

.bss            0x0000000020000020      0x520 load address 0x0000000008004dd0
                0x0000000020000020                _sbss = .
                0x0000000020000020                __bss_start__ = _sbss
 *(.bss)
 .bss           0x0000000020000020       0x1c f:/stm32cubeide_1.8.0/stm32cubeide/plugins/com.st.stm32cube.ide.mcu.externaltools.gnu-tools-for-stm32.9-2020-q2-update.win32_2.0.0.202105311346/tools/bin/../lib/gcc/arm-none-eabi/9.3.1/thumb/v7-m/nofp/crtbegin.o
 *(.bss*)
 .bss.curent_pusword
                0x000000002000003c        0x8 ./Core/Src/main.o
                0x000000002000003c                curent_pusword
 .bss.count     0x0000000020000044        0x2 ./Core/Src/main.o
                0x0000000020000044                count
 .bss.flag      0x0000000020000046        0x2 ./Core/Src/main.o
                0x0000000020000046                flag
 .bss.flag_enter
                0x0000000020000048        0x2 ./Core/Src/main.o
                0x0000000020000048                flag_enter
 .bss.flag_change_pas
                0x000000002000004a        0x2 ./Core/Src/main.o
                0x000000002000004a                flag_change_pas
 .bss.SSD1306_Buffer
                0x000000002000004c      0x400 ./Core/Src/ssd1306.o
 .bss.SSD1306   0x000000002000044c        0x6 ./Core/Src/ssd1306.o
 *(COMMON)
 *fill*         0x0000000020000452        0x2 
 COMMON         0x0000000020000454       0xe8 ./Core/Src/main.o
                0x0000000020000454                hi2c1
                0x00000000200004a8                simbol_pus
                0x00000000200004ac                htim3
                0x00000000200004f4                htim2
 COMMON         0x000000002000053c        0x4 ./Drivers/STM32F1xx_HAL_Driver/Src/stm32f1xx_hal.o
                0x000000002000053c                uwTick
                0x0000000020000540                . = ALIGN (0x4)
                0x0000000020000540                _ebss = .
                0x0000000020000540                __bss_end__ = _ebss

._user_heap_stack
                0x0000000020000540      0x600 load address 0x0000000008004dd0
                0x0000000020000540                . = ALIGN (0x8)
                [!provide]                        PROVIDE (end = .)
                0x0000000020000540                PROVIDE (_end = .)
                0x0000000020000740                . = (. + _Min_Heap_Size)
 *fill*         0x0000000020000540      0x200 
                0x0000000020000b40                . = (. + _Min_Stack_Size)
 *fill*         0x0000000020000740      0x400 
                0x0000000020000b40                . = ALIGN (0x8)

/DISCARD/
 libc.a(*)
 libm.a(*)
 libgcc.a(*)

.ARM.attributes
                0x0000000000000000       0x29
 *(.ARM.attributes)
 .ARM.attributes
                0x0000000000000000       0x1d f:/stm32cubeide_1.8.0/stm32cubeide/plugins/com.st.stm32cube.ide.mcu.externaltools.gnu-tools-for-stm32.9-2020-q2-update.win32_2.0.0.202105311346/tools/bin/../lib/gcc/arm-none-eabi/9.3.1/thumb/v7-m/nofp/crti.o
 .ARM.attributes
                0x000000000000001d       0x2d f:/stm32cubeide_1.8.0/stm32cubeide/plugins/com.st.stm32cube.ide.mcu.externaltools.gnu-tools-for-stm32.9-2020-q2-update.win32_2.0.0.202105311346/tools/bin/../lib/gcc/arm-none-eabi/9.3.1/thumb/v7-m/nofp/crtbegin.o
 .ARM.attributes
                0x000000000000004a       0x2d ./Core/Src/fonts.o
 .ARM.attributes
                0x0000000000000077       0x2d ./Core/Src/main.o
 .ARM.attributes
                0x00000000000000a4       0x2d ./Core/Src/ssd1306.o
 .ARM.attributes
                0x00000000000000d1       0x2d ./Core/Src/stm32f1xx_hal_msp.o
 .ARM.attributes
                0x00000000000000fe       0x2d ./Core/Src/stm32f1xx_it.o
 .ARM.attributes
                0x000000000000012b       0x2d ./Core/Src/system_stm32f1xx.o
 .ARM.attributes
                0x0000000000000158       0x21 ./Core/Startup/startup_stm32f103c8tx.o
 .ARM.attributes
                0x0000000000000179       0x2d ./Drivers/STM32F1xx_HAL_Driver/Src/stm32f1xx_hal.o
 .ARM.attributes
                0x00000000000001a6       0x2d ./Drivers/STM32F1xx_HAL_Driver/Src/stm32f1xx_hal_cortex.o
 .ARM.attributes
                0x00000000000001d3       0x2d ./Drivers/STM32F1xx_HAL_Driver/Src/stm32f1xx_hal_gpio.o
 .ARM.attributes
                0x0000000000000200       0x2d ./Drivers/STM32F1xx_HAL_Driver/Src/stm32f1xx_hal_i2c.o
 .ARM.attributes
                0x000000000000022d       0x2d ./Drivers/STM32F1xx_HAL_Driver/Src/stm32f1xx_hal_rcc.o
 .ARM.attributes
                0x000000000000025a       0x2d ./Drivers/STM32F1xx_HAL_Driver/Src/stm32f1xx_hal_tim.o
 .ARM.attributes
                0x0000000000000287       0x2d ./Drivers/STM32F1xx_HAL_Driver/Src/stm32f1xx_hal_tim_ex.o
 .ARM.attributes
                0x00000000000002b4       0x2d f:/stm32cubeide_1.8.0/stm32cubeide/plugins/com.st.stm32cube.ide.mcu.externaltools.gnu-tools-for-stm32.9-2020-q2-update.win32_2.0.0.202105311346/tools/bin/../lib/gcc/arm-none-eabi/9.3.1/../../../../arm-none-eabi/lib/thumb/v7-m/nofp\libc_nano.a(lib_a-init.o)
 .ARM.attributes
                0x00000000000002e1       0x2d f:/stm32cubeide_1.8.0/stm32cubeide/plugins/com.st.stm32cube.ide.mcu.externaltools.gnu-tools-for-stm32.9-2020-q2-update.win32_2.0.0.202105311346/tools/bin/../lib/gcc/arm-none-eabi/9.3.1/../../../../arm-none-eabi/lib/thumb/v7-m/nofp\libc_nano.a(lib_a-memset.o)
 .ARM.attributes
                0x000000000000030e       0x1d f:/stm32cubeide_1.8.0/stm32cubeide/plugins/com.st.stm32cube.ide.mcu.externaltools.gnu-tools-for-stm32.9-2020-q2-update.win32_2.0.0.202105311346/tools/bin/../lib/gcc/arm-none-eabi/9.3.1/thumb/v7-m/nofp/crtn.o
OUTPUT(Test_CP_1.elf elf32-littlearm)
LOAD linker stubs
LOAD f:/stm32cubeide_1.8.0/stm32cubeide/plugins/com.st.stm32cube.ide.mcu.externaltools.gnu-tools-for-stm32.9-2020-q2-update.win32_2.0.0.202105311346/tools/bin/../lib/gcc/arm-none-eabi/9.3.1/../../../../arm-none-eabi/lib/thumb/v7-m/nofp\libc.a
LOAD f:/stm32cubeide_1.8.0/stm32cubeide/plugins/com.st.stm32cube.ide.mcu.externaltools.gnu-tools-for-stm32.9-2020-q2-update.win32_2.0.0.202105311346/tools/bin/../lib/gcc/arm-none-eabi/9.3.1/../../../../arm-none-eabi/lib/thumb/v7-m/nofp\libm.a
LOAD f:/stm32cubeide_1.8.0/stm32cubeide/plugins/com.st.stm32cube.ide.mcu.externaltools.gnu-tools-for-stm32.9-2020-q2-update.win32_2.0.0.202105311346/tools/bin/../lib/gcc/arm-none-eabi/9.3.1/thumb/v7-m/nofp\libgcc.a

.debug_info     0x0000000000000000     0xe67b
 .debug_info    0x0000000000000000      0xbd3 ./Core/Src/fonts.o
 .debug_info    0x0000000000000bd3     0x1cd2 ./Core/Src/main.o
 .debug_info    0x00000000000028a5     0x1a1a ./Core/Src/ssd1306.o
 .debug_info    0x00000000000042bf      0xf18 ./Core/Src/stm32f1xx_hal_msp.o
 .debug_info    0x00000000000051d7      0x847 ./Core/Src/stm32f1xx_it.o
 .debug_info    0x0000000000005a1e      0x2be ./Core/Src/system_stm32f1xx.o
 .debug_info    0x0000000000005cdc       0x22 ./Core/Startup/startup_stm32f103c8tx.o
 .debug_info    0x0000000000005cfe      0x76a ./Drivers/STM32F1xx_HAL_Driver/Src/stm32f1xx_hal.o
 .debug_info    0x0000000000006468      0xbdc ./Drivers/STM32F1xx_HAL_Driver/Src/stm32f1xx_hal_cortex.o
 .debug_info    0x0000000000007044      0x701 ./Drivers/STM32F1xx_HAL_Driver/Src/stm32f1xx_hal_gpio.o
 .debug_info    0x0000000000007745     0x278e ./Drivers/STM32F1xx_HAL_Driver/Src/stm32f1xx_hal_i2c.o
 .debug_info    0x0000000000009ed3      0x88e ./Drivers/STM32F1xx_HAL_Driver/Src/stm32f1xx_hal_rcc.o
 .debug_info    0x000000000000a761     0x2a45 ./Drivers/STM32F1xx_HAL_Driver/Src/stm32f1xx_hal_tim.o
 .debug_info    0x000000000000d1a6     0x14d5 ./Drivers/STM32F1xx_HAL_Driver/Src/stm32f1xx_hal_tim_ex.o

.debug_abbrev   0x0000000000000000     0x1e51
 .debug_abbrev  0x0000000000000000      0x208 ./Core/Src/fonts.o
 .debug_abbrev  0x0000000000000208      0x363 ./Core/Src/main.o
 .debug_abbrev  0x000000000000056b      0x35a ./Core/Src/ssd1306.o
 .debug_abbrev  0x00000000000008c5      0x1f5 ./Core/Src/stm32f1xx_hal_msp.o
 .debug_abbrev  0x0000000000000aba      0x190 ./Core/Src/stm32f1xx_it.o
 .debug_abbrev  0x0000000000000c4a      0x14e ./Core/Src/system_stm32f1xx.o
 .debug_abbrev  0x0000000000000d98       0x12 ./Core/Startup/startup_stm32f103c8tx.o
 .debug_abbrev  0x0000000000000daa      0x1ed ./Drivers/STM32F1xx_HAL_Driver/Src/stm32f1xx_hal.o
 .debug_abbrev  0x0000000000000f97      0x313 ./Drivers/STM32F1xx_HAL_Driver/Src/stm32f1xx_hal_cortex.o
 .debug_abbrev  0x00000000000012aa      0x1e8 ./Drivers/STM32F1xx_HAL_Driver/Src/stm32f1xx_hal_gpio.o
 .debug_abbrev  0x0000000000001492      0x288 ./Drivers/STM32F1xx_HAL_Driver/Src/stm32f1xx_hal_i2c.o
 .debug_abbrev  0x000000000000171a      0x273 ./Drivers/STM32F1xx_HAL_Driver/Src/stm32f1xx_hal_rcc.o
 .debug_abbrev  0x000000000000198d      0x25e ./Drivers/STM32F1xx_HAL_Driver/Src/stm32f1xx_hal_tim.o
 .debug_abbrev  0x0000000000001beb      0x266 ./Drivers/STM32F1xx_HAL_Driver/Src/stm32f1xx_hal_tim_ex.o

.debug_aranges  0x0000000000000000      0xd70
 .debug_aranges
                0x0000000000000000       0x20 ./Core/Src/fonts.o
 .debug_aranges
                0x0000000000000020       0x78 ./Core/Src/main.o
 .debug_aranges
                0x0000000000000098       0xf8 ./Core/Src/ssd1306.o
 .debug_aranges
                0x0000000000000190       0x58 ./Core/Src/stm32f1xx_hal_msp.o
 .debug_aranges
                0x00000000000001e8       0x98 ./Core/Src/stm32f1xx_it.o
 .debug_aranges
                0x0000000000000280       0x28 ./Core/Src/system_stm32f1xx.o
 .debug_aranges
                0x00000000000002a8       0x28 ./Core/Startup/startup_stm32f103c8tx.o
 .debug_aranges
                0x00000000000002d0       0xe0 ./Drivers/STM32F1xx_HAL_Driver/Src/stm32f1xx_hal.o
 .debug_aranges
                0x00000000000003b0      0x100 ./Drivers/STM32F1xx_HAL_Driver/Src/stm32f1xx_hal_cortex.o
 .debug_aranges
                0x00000000000004b0       0x58 ./Drivers/STM32F1xx_HAL_Driver/Src/stm32f1xx_hal_gpio.o
 .debug_aranges
                0x0000000000000508      0x2a0 ./Drivers/STM32F1xx_HAL_Driver/Src/stm32f1xx_hal_i2c.o
 .debug_aranges
                0x00000000000007a8       0x90 ./Drivers/STM32F1xx_HAL_Driver/Src/stm32f1xx_hal_rcc.o
 .debug_aranges
                0x0000000000000838      0x3d0 ./Drivers/STM32F1xx_HAL_Driver/Src/stm32f1xx_hal_tim.o
 .debug_aranges
                0x0000000000000c08      0x168 ./Drivers/STM32F1xx_HAL_Driver/Src/stm32f1xx_hal_tim_ex.o

.debug_ranges   0x0000000000000000      0xcc0
 .debug_ranges  0x0000000000000000       0x10 ./Core/Src/fonts.o
 .debug_ranges  0x0000000000000010       0x68 ./Core/Src/main.o
 .debug_ranges  0x0000000000000078       0xe8 ./Core/Src/ssd1306.o
 .debug_ranges  0x0000000000000160       0x48 ./Core/Src/stm32f1xx_hal_msp.o
 .debug_ranges  0x00000000000001a8       0x88 ./Core/Src/stm32f1xx_it.o
 .debug_ranges  0x0000000000000230       0x18 ./Core/Src/system_stm32f1xx.o
 .debug_ranges  0x0000000000000248       0x20 ./Core/Startup/startup_stm32f103c8tx.o
 .debug_ranges  0x0000000000000268       0xd0 ./Drivers/STM32F1xx_HAL_Driver/Src/stm32f1xx_hal.o
 .debug_ranges  0x0000000000000338       0xf0 ./Drivers/STM32F1xx_HAL_Driver/Src/stm32f1xx_hal_cortex.o
 .debug_ranges  0x0000000000000428       0x48 ./Drivers/STM32F1xx_HAL_Driver/Src/stm32f1xx_hal_gpio.o
 .debug_ranges  0x0000000000000470      0x2b8 ./Drivers/STM32F1xx_HAL_Driver/Src/stm32f1xx_hal_i2c.o
 .debug_ranges  0x0000000000000728       0x80 ./Drivers/STM32F1xx_HAL_Driver/Src/stm32f1xx_hal_rcc.o
 .debug_ranges  0x00000000000007a8      0x3c0 ./Drivers/STM32F1xx_HAL_Driver/Src/stm32f1xx_hal_tim.o
 .debug_ranges  0x0000000000000b68      0x158 ./Drivers/STM32F1xx_HAL_Driver/Src/stm32f1xx_hal_tim_ex.o

.debug_macro    0x0000000000000000    0x178a4
 .debug_macro   0x0000000000000000      0x27b ./Core/Src/fonts.o
 .debug_macro   0x000000000000027b      0xa9c ./Core/Src/fonts.o
 .debug_macro   0x0000000000000d17      0x21b ./Core/Src/fonts.o
 .debug_macro   0x0000000000000f32       0x2e ./Core/Src/fonts.o
 .debug_macro   0x0000000000000f60       0x22 ./Core/Src/fonts.o
 .debug_macro   0x0000000000000f82       0x22 ./Core/Src/fonts.o
 .debug_macro   0x0000000000000fa4       0x8e ./Core/Src/fonts.o
 .debug_macro   0x0000000000001032       0x51 ./Core/Src/fonts.o
 .debug_macro   0x0000000000001083      0x103 ./Core/Src/fonts.o
 .debug_macro   0x0000000000001186       0x6a ./Core/Src/fonts.o
 .debug_macro   0x00000000000011f0      0x1df ./Core/Src/fonts.o
 .debug_macro   0x00000000000013cf       0x1c ./Core/Src/fonts.o
 .debug_macro   0x00000000000013eb       0x22 ./Core/Src/fonts.o
 .debug_macro   0x000000000000140d       0xc3 ./Core/Src/fonts.o
 .debug_macro   0x00000000000014d0      0xd23 ./Core/Src/fonts.o
 .debug_macro   0x00000000000021f3     0xe09e ./Core/Src/fonts.o
 .debug_macro   0x0000000000010291       0x6d ./Core/Src/fonts.o
 .debug_macro   0x00000000000102fe     0x3468 ./Core/Src/fonts.o
 .debug_macro   0x0000000000013766      0x174 ./Core/Src/fonts.o
 .debug_macro   0x00000000000138da       0x5c ./Core/Src/fonts.o
 .debug_macro   0x0000000000013936      0x5be ./Core/Src/fonts.o
 .debug_macro   0x0000000000013ef4      0x289 ./Core/Src/fonts.o
 .debug_macro   0x000000000001417d      0x1cb ./Core/Src/fonts.o
 .debug_macro   0x0000000000014348      0x114 ./Core/Src/fonts.o
 .debug_macro   0x000000000001445c      0x1b2 ./Core/Src/fonts.o
 .debug_macro   0x000000000001460e       0x27 ./Core/Src/fonts.o
 .debug_macro   0x0000000000014635      0x136 ./Core/Src/fonts.o
 .debug_macro   0x000000000001476b      0x1bc ./Core/Src/fonts.o
 .debug_macro   0x0000000000014927       0x34 ./Core/Src/fonts.o
 .debug_macro   0x000000000001495b       0x3c ./Core/Src/fonts.o
 .debug_macro   0x0000000000014997       0x57 ./Core/Src/fonts.o
 .debug_macro   0x00000000000149ee       0x88 ./Core/Src/fonts.o
 .debug_macro   0x0000000000014a76      0x241 ./Core/Src/fonts.o
 .debug_macro   0x0000000000014cb7      0x287 ./Core/Src/fonts.o
 .debug_macro   0x0000000000014f3e      0x141 ./Core/Src/fonts.o
 .debug_macro   0x000000000001507f      0x8d1 ./Core/Src/fonts.o
 .debug_macro   0x0000000000015950       0x83 ./Core/Src/fonts.o
 .debug_macro   0x00000000000159d3       0x52 ./Core/Src/fonts.o
 .debug_macro   0x0000000000015a25       0x18 ./Core/Src/fonts.o
 .debug_macro   0x0000000000015a3d       0x3c ./Core/Src/fonts.o
 .debug_macro   0x0000000000015a79       0x34 ./Core/Src/fonts.o
 .debug_macro   0x0000000000015aad       0x16 ./Core/Src/fonts.o
 .debug_macro   0x0000000000015ac3       0x43 ./Core/Src/fonts.o
 .debug_macro   0x0000000000015b06       0x34 ./Core/Src/fonts.o
 .debug_macro   0x0000000000015b3a       0x10 ./Core/Src/fonts.o
 .debug_macro   0x0000000000015b4a       0x58 ./Core/Src/fonts.o
 .debug_macro   0x0000000000015ba2       0x71 ./Core/Src/fonts.o
 .debug_macro   0x0000000000015c13       0x1c ./Core/Src/fonts.o
 .debug_macro   0x0000000000015c2f      0x12a ./Core/Src/fonts.o
 .debug_macro   0x0000000000015d59      0x333 ./Core/Src/fonts.o
 .debug_macro   0x000000000001608c       0x10 ./Core/Src/fonts.o
 .debug_macro   0x000000000001609c       0x35 ./Core/Src/fonts.o
 .debug_macro   0x00000000000160d1       0x20 ./Core/Src/fonts.o
 .debug_macro   0x00000000000160f1      0x2d6 ./Core/Src/main.o
 .debug_macro   0x00000000000163c7       0x16 ./Core/Src/main.o
 .debug_macro   0x00000000000163dd       0x16 ./Core/Src/main.o
 .debug_macro   0x00000000000163f3       0x29 ./Core/Src/main.o
 .debug_macro   0x000000000001641c       0x1d ./Core/Src/main.o
 .debug_macro   0x0000000000016439      0x306 ./Core/Src/ssd1306.o
 .debug_macro   0x000000000001673f      0x1ad ./Core/Src/stm32f1xx_hal_msp.o
 .debug_macro   0x00000000000168ec      0x1b7 ./Core/Src/stm32f1xx_it.o
 .debug_macro   0x0000000000016aa3      0x1a3 ./Core/Src/system_stm32f1xx.o
 .debug_macro   0x0000000000016c46      0x1c7 ./Drivers/STM32F1xx_HAL_Driver/Src/stm32f1xx_hal.o
 .debug_macro   0x0000000000016e0d      0x1a3 ./Drivers/STM32F1xx_HAL_Driver/Src/stm32f1xx_hal_cortex.o
 .debug_macro   0x0000000000016fb0      0x20e ./Drivers/STM32F1xx_HAL_Driver/Src/stm32f1xx_hal_gpio.o
 .debug_macro   0x00000000000171be      0x1ea ./Drivers/STM32F1xx_HAL_Driver/Src/stm32f1xx_hal_i2c.o
 .debug_macro   0x00000000000173a8      0x1b5 ./Drivers/STM32F1xx_HAL_Driver/Src/stm32f1xx_hal_rcc.o
 .debug_macro   0x000000000001755d      0x1a4 ./Drivers/STM32F1xx_HAL_Driver/Src/stm32f1xx_hal_tim.o
 .debug_macro   0x0000000000017701      0x1a3 ./Drivers/STM32F1xx_HAL_Driver/Src/stm32f1xx_hal_tim_ex.o

.debug_line     0x0000000000000000     0xea8e
 .debug_line    0x0000000000000000      0x7d3 ./Core/Src/fonts.o
 .debug_line    0x00000000000007d3      0xc5d ./Core/Src/main.o
 .debug_line    0x0000000000001430      0xfa6 ./Core/Src/ssd1306.o
 .debug_line    0x00000000000023d6      0x75d ./Core/Src/stm32f1xx_hal_msp.o
 .debug_line    0x0000000000002b33      0x7e1 ./Core/Src/stm32f1xx_it.o
 .debug_line    0x0000000000003314      0x6ee ./Core/Src/system_stm32f1xx.o
 .debug_line    0x0000000000003a02       0x87 ./Core/Startup/startup_stm32f103c8tx.o
 .debug_line    0x0000000000003a89      0x91b ./Drivers/STM32F1xx_HAL_Driver/Src/stm32f1xx_hal.o
 .debug_line    0x00000000000043a4      0xb03 ./Drivers/STM32F1xx_HAL_Driver/Src/stm32f1xx_hal_cortex.o
 .debug_line    0x0000000000004ea7      0x9b2 ./Drivers/STM32F1xx_HAL_Driver/Src/stm32f1xx_hal_gpio.o
 .debug_line    0x0000000000005859     0x3a05 ./Drivers/STM32F1xx_HAL_Driver/Src/stm32f1xx_hal_i2c.o
 .debug_line    0x000000000000925e      0xd29 ./Drivers/STM32F1xx_HAL_Driver/Src/stm32f1xx_hal_rcc.o
 .debug_line    0x0000000000009f87     0x32c4 ./Drivers/STM32F1xx_HAL_Driver/Src/stm32f1xx_hal_tim.o
 .debug_line    0x000000000000d24b     0x1843 ./Drivers/STM32F1xx_HAL_Driver/Src/stm32f1xx_hal_tim_ex.o

.debug_str      0x0000000000000000    0x89e98
 .debug_str     0x0000000000000000    0x85fc8 ./Core/Src/fonts.o
                                      0x863aa (size before relaxing)
 .debug_str     0x0000000000085fc8      0xe94 ./Core/Src/main.o
                                      0x87361 (size before relaxing)
 .debug_str     0x0000000000086e5c      0x528 ./Core/Src/ssd1306.o
                                      0x86e4d (size before relaxing)
 .debug_str     0x0000000000087384       0xf4 ./Core/Src/stm32f1xx_hal_msp.o
                                      0x83c7f (size before relaxing)
 .debug_str     0x0000000000087478      0x138 ./Core/Src/stm32f1xx_it.o
                                      0x836e3 (size before relaxing)
 .debug_str     0x00000000000875b0       0x52 ./Core/Src/system_stm32f1xx.o
                                      0x83164 (size before relaxing)
 .debug_str     0x0000000000087602       0x36 ./Core/Startup/startup_stm32f103c8tx.o
                                         0x58 (size before relaxing)
 .debug_str     0x0000000000087638      0x304 ./Drivers/STM32F1xx_HAL_Driver/Src/stm32f1xx_hal.o
                                      0x837f5 (size before relaxing)
 .debug_str     0x000000000008793c      0x29d ./Drivers/STM32F1xx_HAL_Driver/Src/stm32f1xx_hal_cortex.o
                                      0x837fd (size before relaxing)
 .debug_str     0x0000000000087bd9      0x303 ./Drivers/STM32F1xx_HAL_Driver/Src/stm32f1xx_hal_gpio.o
                                      0x83528 (size before relaxing)
 .debug_str     0x0000000000087edc      0xb47 ./Drivers/STM32F1xx_HAL_Driver/Src/stm32f1xx_hal_i2c.o
                                      0x841a0 (size before relaxing)
 .debug_str     0x0000000000088a23      0x244 ./Drivers/STM32F1xx_HAL_Driver/Src/stm32f1xx_hal_rcc.o
                                      0x83561 (size before relaxing)
 .debug_str     0x0000000000088c67      0xd43 ./Drivers/STM32F1xx_HAL_Driver/Src/stm32f1xx_hal_tim.o
                                      0x84533 (size before relaxing)
 .debug_str     0x00000000000899aa      0x4ee ./Drivers/STM32F1xx_HAL_Driver/Src/stm32f1xx_hal_tim_ex.o
                                      0x83ce4 (size before relaxing)

.comment        0x0000000000000000       0x53
 .comment       0x0000000000000000       0x53 ./Core/Src/fonts.o
                                         0x54 (size before relaxing)
 .comment       0x0000000000000053       0x54 ./Core/Src/main.o
 .comment       0x0000000000000053       0x54 ./Core/Src/ssd1306.o
 .comment       0x0000000000000053       0x54 ./Core/Src/stm32f1xx_hal_msp.o
 .comment       0x0000000000000053       0x54 ./Core/Src/stm32f1xx_it.o
 .comment       0x0000000000000053       0x54 ./Core/Src/system_stm32f1xx.o
 .comment       0x0000000000000053       0x54 ./Drivers/STM32F1xx_HAL_Driver/Src/stm32f1xx_hal.o
 .comment       0x0000000000000053       0x54 ./Drivers/STM32F1xx_HAL_Driver/Src/stm32f1xx_hal_cortex.o
 .comment       0x0000000000000053       0x54 ./Drivers/STM32F1xx_HAL_Driver/Src/stm32f1xx_hal_gpio.o
 .comment       0x0000000000000053       0x54 ./Drivers/STM32F1xx_HAL_Driver/Src/stm32f1xx_hal_i2c.o
 .comment       0x0000000000000053       0x54 ./Drivers/STM32F1xx_HAL_Driver/Src/stm32f1xx_hal_rcc.o
 .comment       0x0000000000000053       0x54 ./Drivers/STM32F1xx_HAL_Driver/Src/stm32f1xx_hal_tim.o
 .comment       0x0000000000000053       0x54 ./Drivers/STM32F1xx_HAL_Driver/Src/stm32f1xx_hal_tim_ex.o

.debug_frame    0x0000000000000000     0x38ac
 .debug_frame   0x0000000000000000       0x38 ./Core/Src/fonts.o
 .debug_frame   0x0000000000000038      0x1b0 ./Core/Src/main.o
 .debug_frame   0x00000000000001e8      0x414 ./Core/Src/ssd1306.o
 .debug_frame   0x00000000000005fc      0x134 ./Core/Src/stm32f1xx_hal_msp.o
 .debug_frame   0x0000000000000730      0x1c8 ./Core/Src/stm32f1xx_it.o
 .debug_frame   0x00000000000008f8       0x58 ./Core/Src/system_stm32f1xx.o
 .debug_frame   0x0000000000000950      0x334 ./Drivers/STM32F1xx_HAL_Driver/Src/stm32f1xx_hal.o
 .debug_frame   0x0000000000000c84      0x428 ./Drivers/STM32F1xx_HAL_Driver/Src/stm32f1xx_hal_cortex.o
 .debug_frame   0x00000000000010ac      0x14c ./Drivers/STM32F1xx_HAL_Driver/Src/stm32f1xx_hal_gpio.o
 .debug_frame   0x00000000000011f8      0xc5c ./Drivers/STM32F1xx_HAL_Driver/Src/stm32f1xx_hal_i2c.o
 .debug_frame   0x0000000000001e54      0x21c ./Drivers/STM32F1xx_HAL_Driver/Src/stm32f1xx_hal_rcc.o
 .debug_frame   0x0000000000002070     0x11b8 ./Drivers/STM32F1xx_HAL_Driver/Src/stm32f1xx_hal_tim.o
 .debug_frame   0x0000000000003228      0x638 ./Drivers/STM32F1xx_HAL_Driver/Src/stm32f1xx_hal_tim_ex.o
 .debug_frame   0x0000000000003860       0x2c f:/stm32cubeide_1.8.0/stm32cubeide/plugins/com.st.stm32cube.ide.mcu.externaltools.gnu-tools-for-stm32.9-2020-q2-update.win32_2.0.0.202105311346/tools/bin/../lib/gcc/arm-none-eabi/9.3.1/../../../../arm-none-eabi/lib/thumb/v7-m/nofp\libc_nano.a(lib_a-init.o)
 .debug_frame   0x000000000000388c       0x20 f:/stm32cubeide_1.8.0/stm32cubeide/plugins/com.st.stm32cube.ide.mcu.externaltools.gnu-tools-for-stm32.9-2020-q2-update.win32_2.0.0.202105311346/tools/bin/../lib/gcc/arm-none-eabi/9.3.1/../../../../arm-none-eabi/lib/thumb/v7-m/nofp\libc_nano.a(lib_a-memset.o)
