../Drivers/CMSIS/Include/core_cm3.h:1600:22:__NVIC_ClearPendingIRQ	16	static
../Core/Src/main.c:81:6:ComparePusword	24	static
../Core/Src/main.c:100:6:EnterPusword	4	static
../Core/Src/main.c:151:5:main	16	static
../Core/Src/main.c:300:6:SystemClock_Config	72	static
../Core/Src/main.c:340:13:MX_I2C1_Init	8	static
../Core/Src/main.c:374:13:MX_TIM2_Init	48	static
../Core/Src/main.c:423:13:MX_TIM3_Init	32	static
../Core/Src/main.c:468:13:MX_GPIO_Init	40	static
../Core/Src/main.c:514:6:HAL_GPIO_EXTI_Callback	16	static
../Core/Src/main.c:533:6:HAL_TIM_PeriodElapsedCallback	16	static
../Core/Src/main.c:623:6:Error_Handler	4	static,ignoring_inline_asm
